Archive member included to satisfy reference by file (symbol)

/opt/st/stm32cubeide_1.10.1/plugins/com.st.stm32cube.ide.mcu.externaltools.gnu-tools-for-stm32.10.3-2021.10.linux64_1.0.0.202111181127/tools/bin/../lib/gcc/arm-none-eabi/10.3.1/../../../../arm-none-eabi/lib/thumb/v7e-m+dp/hard/libc_nano.a(lib_a-errno.o)
                              ./Core/Src/syscalls.o (__errno)
/opt/st/stm32cubeide_1.10.1/plugins/com.st.stm32cube.ide.mcu.externaltools.gnu-tools-for-stm32.10.3-2021.10.linux64_1.0.0.202111181127/tools/bin/../lib/gcc/arm-none-eabi/10.3.1/../../../../arm-none-eabi/lib/thumb/v7e-m+dp/hard/libc_nano.a(lib_a-exit.o)
                              /opt/st/stm32cubeide_1.10.1/plugins/com.st.stm32cube.ide.mcu.externaltools.gnu-tools-for-stm32.10.3-2021.10.linux64_1.0.0.202111181127/tools/bin/../lib/gcc/arm-none-eabi/10.3.1/../../../../arm-none-eabi/lib/thumb/v7e-m+dp/hard/crt0.o (exit)
/opt/st/stm32cubeide_1.10.1/plugins/com.st.stm32cube.ide.mcu.externaltools.gnu-tools-for-stm32.10.3-2021.10.linux64_1.0.0.202111181127/tools/bin/../lib/gcc/arm-none-eabi/10.3.1/../../../../arm-none-eabi/lib/thumb/v7e-m+dp/hard/libc_nano.a(lib_a-impure.o)
                              /opt/st/stm32cubeide_1.10.1/plugins/com.st.stm32cube.ide.mcu.externaltools.gnu-tools-for-stm32.10.3-2021.10.linux64_1.0.0.202111181127/tools/bin/../lib/gcc/arm-none-eabi/10.3.1/../../../../arm-none-eabi/lib/thumb/v7e-m+dp/hard/libc_nano.a(lib_a-exit.o) (_global_impure_ptr)
/opt/st/stm32cubeide_1.10.1/plugins/com.st.stm32cube.ide.mcu.externaltools.gnu-tools-for-stm32.10.3-2021.10.linux64_1.0.0.202111181127/tools/bin/../lib/gcc/arm-none-eabi/10.3.1/../../../../arm-none-eabi/lib/thumb/v7e-m+dp/hard/libc_nano.a(lib_a-init.o)
                              /opt/st/stm32cubeide_1.10.1/plugins/com.st.stm32cube.ide.mcu.externaltools.gnu-tools-for-stm32.10.3-2021.10.linux64_1.0.0.202111181127/tools/bin/../lib/gcc/arm-none-eabi/10.3.1/../../../../arm-none-eabi/lib/thumb/v7e-m+dp/hard/crt0.o (__libc_init_array)
/opt/st/stm32cubeide_1.10.1/plugins/com.st.stm32cube.ide.mcu.externaltools.gnu-tools-for-stm32.10.3-2021.10.linux64_1.0.0.202111181127/tools/bin/../lib/gcc/arm-none-eabi/10.3.1/../../../../arm-none-eabi/lib/thumb/v7e-m+dp/hard/libc_nano.a(lib_a-memcmp.o)
                              ./ThirdParty/SEGGER/OS/SEGGER_SYSVIEW_FreeRTOS.o (memcmp)
/opt/st/stm32cubeide_1.10.1/plugins/com.st.stm32cube.ide.mcu.externaltools.gnu-tools-for-stm32.10.3-2021.10.linux64_1.0.0.202111181127/tools/bin/../lib/gcc/arm-none-eabi/10.3.1/../../../../arm-none-eabi/lib/thumb/v7e-m+dp/hard/libc_nano.a(lib_a-memcpy-stub.o)
                              ./ThirdParty/FreeRTOS/queue.o (memcpy)
/opt/st/stm32cubeide_1.10.1/plugins/com.st.stm32cube.ide.mcu.externaltools.gnu-tools-for-stm32.10.3-2021.10.linux64_1.0.0.202111181127/tools/bin/../lib/gcc/arm-none-eabi/10.3.1/../../../../arm-none-eabi/lib/thumb/v7e-m+dp/hard/libc_nano.a(lib_a-memset.o)
                              /opt/st/stm32cubeide_1.10.1/plugins/com.st.stm32cube.ide.mcu.externaltools.gnu-tools-for-stm32.10.3-2021.10.linux64_1.0.0.202111181127/tools/bin/../lib/gcc/arm-none-eabi/10.3.1/../../../../arm-none-eabi/lib/thumb/v7e-m+dp/hard/crt0.o (memset)
/opt/st/stm32cubeide_1.10.1/plugins/com.st.stm32cube.ide.mcu.externaltools.gnu-tools-for-stm32.10.3-2021.10.linux64_1.0.0.202111181127/tools/bin/../lib/gcc/arm-none-eabi/10.3.1/../../../../arm-none-eabi/lib/thumb/v7e-m+dp/hard/libc_nano.a(lib_a-strlen.o)
                              ./ThirdParty/SEGGER/SEGGER/SEGGER_RTT.o (strlen)

Discarded input sections

 .text          0x0000000000000000        0x0 /opt/st/stm32cubeide_1.10.1/plugins/com.st.stm32cube.ide.mcu.externaltools.gnu-tools-for-stm32.10.3-2021.10.linux64_1.0.0.202111181127/tools/bin/../lib/gcc/arm-none-eabi/10.3.1/thumb/v7e-m+dp/hard/crti.o
 .data          0x0000000000000000        0x0 /opt/st/stm32cubeide_1.10.1/plugins/com.st.stm32cube.ide.mcu.externaltools.gnu-tools-for-stm32.10.3-2021.10.linux64_1.0.0.202111181127/tools/bin/../lib/gcc/arm-none-eabi/10.3.1/thumb/v7e-m+dp/hard/crti.o
 .bss           0x0000000000000000        0x0 /opt/st/stm32cubeide_1.10.1/plugins/com.st.stm32cube.ide.mcu.externaltools.gnu-tools-for-stm32.10.3-2021.10.linux64_1.0.0.202111181127/tools/bin/../lib/gcc/arm-none-eabi/10.3.1/thumb/v7e-m+dp/hard/crti.o
 .data          0x0000000000000000        0x4 /opt/st/stm32cubeide_1.10.1/plugins/com.st.stm32cube.ide.mcu.externaltools.gnu-tools-for-stm32.10.3-2021.10.linux64_1.0.0.202111181127/tools/bin/../lib/gcc/arm-none-eabi/10.3.1/thumb/v7e-m+dp/hard/crtbegin.o
 .rodata        0x0000000000000000       0x24 /opt/st/stm32cubeide_1.10.1/plugins/com.st.stm32cube.ide.mcu.externaltools.gnu-tools-for-stm32.10.3-2021.10.linux64_1.0.0.202111181127/tools/bin/../lib/gcc/arm-none-eabi/10.3.1/thumb/v7e-m+dp/hard/crtbegin.o
[...]
Memory Configuration

Name             Origin             Length             Attributes
RAM_D1           0x0000000024000000 0x0000000000080000 xrw
FLASH            0x0000000008000000 0x0000000000100000 xr
DTCMRAM          0x0000000020000000 0x0000000000020000 xrw
RAM_D2           0x0000000030000000 0x0000000000048000 xrw
RAM_D3           0x0000000038000000 0x0000000000010000 xrw
ITCMRAM          0x0000000000000000 0x0000000000010000 xrw
*default*        0x0000000000000000 0xffffffffffffffff

Linker script and memory map

LOAD /opt/st/stm32cubeide_1.10.1/plugins/com.st.stm32cube.ide.mcu.externaltools.gnu-tools-for-stm32.10.3-2021.10.linux64_1.0.0.202111181127/tools/bin/../lib/gcc/arm-none-eabi/10.3.1/thumb/v7e-m+dp/hard/crti.o
LOAD /opt/st/stm32cubeide_1.10.1/plugins/com.st.stm32cube.ide.mcu.externaltools.gnu-tools-for-stm32.10.3-2021.10.linux64_1.0.0.202111181127/tools/bin/../lib/gcc/arm-none-eabi/10.3.1/thumb/v7e-m+dp/hard/crtbegin.o
LOAD /opt/st/stm32cubeide_1.10.1/plugins/com.st.stm32cube.ide.mcu.externaltools.gnu-tools-for-stm32.10.3-2021.10.linux64_1.0.0.202111181127/tools/bin/../lib/gcc/arm-none-eabi/10.3.1/../../../../arm-none-eabi/lib/thumb/v7e-m+dp/hard/crt0.o
LOAD ./Common/Src/system_stm32h7xx_dualcore_boot_cm4_cm7.o
LOAD ./Core/Src/main.o
LOAD ./Core/Src/stm32h7xx_hal_msp.o
LOAD ./Core/Src/stm32h7xx_it.o
LOAD ./Core/Src/syscalls.o
LOAD ./Core/Src/sysmem.o
LOAD ./Core/Startup/startup_stm32h745zitx.o
LOAD ./Drivers/STM32H7xx_HAL_Driver/stm32h7xx_hal.o
LOAD ./Drivers/STM32H7xx_HAL_Driver/stm32h7xx_hal_cortex.o
LOAD ./Drivers/STM32H7xx_HAL_Driver/stm32h7xx_hal_dma.o
LOAD ./Drivers/STM32H7xx_HAL_Driver/stm32h7xx_hal_dma_ex.o
LOAD ./Drivers/STM32H7xx_HAL_Driver/stm32h7xx_hal_exti.o
LOAD ./Drivers/STM32H7xx_HAL_Driver/stm32h7xx_hal_flash.o
LOAD ./Drivers/STM32H7xx_HAL_Driver/stm32h7xx_hal_flash_ex.o
LOAD ./Drivers/STM32H7xx_HAL_Driver/stm32h7xx_hal_gpio.o
LOAD ./Drivers/STM32H7xx_HAL_Driver/stm32h7xx_hal_hsem.o
LOAD ./Drivers/STM32H7xx_HAL_Driver/stm32h7xx_hal_i2c.o
LOAD ./Drivers/STM32H7xx_HAL_Driver/stm32h7xx_hal_i2c_ex.o
LOAD ./Drivers/STM32H7xx_HAL_Driver/stm32h7xx_hal_mdma.o
LOAD ./Drivers/STM32H7xx_HAL_Driver/stm32h7xx_hal_pwr.o
LOAD ./Drivers/STM32H7xx_HAL_Driver/stm32h7xx_hal_pwr_ex.o
LOAD ./Drivers/STM32H7xx_HAL_Driver/stm32h7xx_hal_rcc.o
LOAD ./Drivers/STM32H7xx_HAL_Driver/stm32h7xx_hal_rcc_ex.o
LOAD ./Drivers/STM32H7xx_HAL_Driver/stm32h7xx_hal_tim.o
LOAD ./Drivers/STM32H7xx_HAL_Driver/stm32h7xx_hal_tim_ex.o
LOAD ./ThirdParty/FreeRTOS/croutine.o
LOAD ./ThirdParty/FreeRTOS/event_groups.o
LOAD ./ThirdParty/FreeRTOS/list.o
LOAD ./ThirdParty/FreeRTOS/queue.o
LOAD ./ThirdParty/FreeRTOS/stream_buffer.o
LOAD ./ThirdParty/FreeRTOS/tasks.o
LOAD ./ThirdParty/FreeRTOS/timers.o
LOAD ./ThirdParty/FreeRTOS/portable/GCC/ARM_CM7/r0p1/port.o
LOAD ./ThirdParty/FreeRTOS/portable/MemMang/heap_4.o
LOAD ./ThirdParty/SEGGER/Config/SEGGER_SYSVIEW_Config_FreeRTOS.o
LOAD ./ThirdParty/SEGGER/OS/SEGGER_SYSVIEW_FreeRTOS.o
LOAD ./ThirdParty/SEGGER/Rec/segger_uart.o
LOAD ./ThirdParty/SEGGER/SEGGER/SEGGER_RTT.o
LOAD ./ThirdParty/SEGGER/SEGGER/SEGGER_RTT_ASM_ARMv7M.o
LOAD ./ThirdParty/SEGGER/SEGGER/SEGGER_RTT_printf.o
LOAD ./ThirdParty/SEGGER/SEGGER/SEGGER_SYSVIEW.o
LOAD ./ThirdParty/SEGGER/SEGGER/Syscalls/SEGGER_RTT_Syscalls_GCC.o
LOAD ./ThirdParty/SEGGER/SEGGER/Syscalls/SEGGER_RTT_Syscalls_IAR.o
LOAD ./ThirdParty/SEGGER/SEGGER/Syscalls/SEGGER_RTT_Syscalls_KEIL.o
LOAD ./ThirdParty/SEGGER/SEGGER/Syscalls/SEGGER_RTT_Syscalls_SES.o
START GROUP
LOAD /opt/st/stm32cubeide_1.10.1/plugins/com.st.stm32cube.ide.mcu.externaltools.gnu-tools-for-stm32.10.3-2021.10.linux64_1.0.0.202111181127/tools/bin/../lib/gcc/arm-none-eabi/10.3.1/../../../../arm-none-eabi/lib/thumb/v7e-m+dp/hard/libc_nano.a
LOAD /opt/st/stm32cubeide_1.10.1/plugins/com.st.stm32cube.ide.mcu.externaltools.gnu-tools-for-stm32.10.3-2021.10.linux64_1.0.0.202111181127/tools/bin/../lib/gcc/arm-none-eabi/10.3.1/../../../../arm-none-eabi/lib/thumb/v7e-m+dp/hard/libm.a
END GROUP
START GROUP
LOAD /opt/st/stm32cubeide_1.10.1/plugins/com.st.stm32cube.ide.mcu.externaltools.gnu-tools-for-stm32.10.3-2021.10.linux64_1.0.0.202111181127/tools/bin/../lib/gcc/arm-none-eabi/10.3.1/thumb/v7e-m+dp/hard/libgcc.a
LOAD /opt/st/stm32cubeide_1.10.1/plugins/com.st.stm32cube.ide.mcu.externaltools.gnu-tools-for-stm32.10.3-2021.10.linux64_1.0.0.202111181127/tools/bin/../lib/gcc/arm-none-eabi/10.3.1/../../../../arm-none-eabi/lib/thumb/v7e-m+dp/hard/libc_nano.a
END GROUP
START GROUP
LOAD /opt/st/stm32cubeide_1.10.1/plugins/com.st.stm32cube.ide.mcu.externaltools.gnu-tools-for-stm32.10.3-2021.10.linux64_1.0.0.202111181127/tools/bin/../lib/gcc/arm-none-eabi/10.3.1/thumb/v7e-m+dp/hard/libgcc.a
LOAD /opt/st/stm32cubeide_1.10.1/plugins/com.st.stm32cube.ide.mcu.externaltools.gnu-tools-for-stm32.10.3-2021.10.linux64_1.0.0.202111181127/tools/bin/../lib/gcc/arm-none-eabi/10.3.1/../../../../arm-none-eabi/lib/thumb/v7e-m+dp/hard/libc_nano.a
LOAD /opt/st/stm32cubeide_1.10.1/plugins/com.st.stm32cube.ide.mcu.externaltools.gnu-tools-for-stm32.10.3-2021.10.linux64_1.0.0.202111181127/tools/bin/../lib/gcc/arm-none-eabi/10.3.1/../../../../arm-none-eabi/lib/thumb/v7e-m+dp/hard/libnosys.a
END GROUP
START GROUP
LOAD /opt/st/stm32cubeide_1.10.1/plugins/com.st.stm32cube.ide.mcu.externaltools.gnu-tools-for-stm32.10.3-2021.10.linux64_1.0.0.202111181127/tools/bin/../lib/gcc/arm-none-eabi/10.3.1/thumb/v7e-m+dp/hard/libgcc.a
LOAD /opt/st/stm32cubeide_1.10.1/plugins/com.st.stm32cube.ide.mcu.externaltools.gnu-tools-for-stm32.10.3-2021.10.linux64_1.0.0.202111181127/tools/bin/../lib/gcc/arm-none-eabi/10.3.1/../../../../arm-none-eabi/lib/thumb/v7e-m+dp/hard/libc_nano.a
LOAD /opt/st/stm32cubeide_1.10.1/plugins/com.st.stm32cube.ide.mcu.externaltools.gnu-tools-for-stm32.10.3-2021.10.linux64_1.0.0.202111181127/tools/bin/../lib/gcc/arm-none-eabi/10.3.1/../../../../arm-none-eabi/lib/thumb/v7e-m+dp/hard/libnosys.a
END GROUP
LOAD /opt/st/stm32cubeide_1.10.1/plugins/com.st.stm32cube.ide.mcu.externaltools.gnu-tools-for-stm32.10.3-2021.10.linux64_1.0.0.202111181127/tools/bin/../lib/gcc/arm-none-eabi/10.3.1/thumb/v7e-m+dp/hard/crtend.o
LOAD /opt/st/stm32cubeide_1.10.1/plugins/com.st.stm32cube.ide.mcu.externaltools.gnu-tools-for-stm32.10.3-2021.10.linux64_1.0.0.202111181127/tools/bin/../lib/gcc/arm-none-eabi/10.3.1/thumb/v7e-m+dp/hard/crtn.o
                0x0000000024080000                _estack = (ORIGIN (RAM_D1) + LENGTH (RAM_D1))
                0x0000000000000200                _Min_Heap_Size = 0x200
                0x0000000000000400                _Min_Stack_Size = 0x400

.isr_vector     0x0000000008000000      0x298
                0x0000000008000000                . = ALIGN (0x4)
 *(.isr_vector)
 .isr_vector    0x0000000008000000      0x298 ./Core/Startup/startup_stm32h745zitx.o
                0x0000000008000000                g_pfnVectors
                0x0000000008000298                . = ALIGN (0x4)

.text           0x00000000080002a0     0x5454
                0x00000000080002a0                . = ALIGN (0x4)
 *(.text)
 .text          0x00000000080002a0       0x40 /opt/st/stm32cubeide_1.10.1/plugins/com.st.stm32cube.ide.mcu.externaltools.gnu-tools-for-stm32.10.3-2021.10.linux64_1.0.0.202111181127/tools/bin/../lib/gcc/arm-none-eabi/10.3.1/thumb/v7e-m+dp/hard/crtbegin.o
 .text          0x00000000080002e0       0x94 ./ThirdParty/SEGGER/SEGGER/SEGGER_RTT_ASM_ARMv7M.o
                0x00000000080002e0                SEGGER_RTT_ASM_WriteSkipNoLock
 *(.text*)
 .text.SystemInit
                0x0000000008000374      0x12c ./Common/Src/system_stm32h7xx_dualcore_boot_cm4_cm7.o
                0x0000000008000374                SystemInit
 .text.main     0x00000000080004a0      0x108 ./Core/Src/main.o
                0x00000000080004a0                main
 .text.SystemClock_Config
                0x00000000080005a8       0xd4 ./Core/Src/main.o
                0x00000000080005a8                SystemClock_Config
 .text.MX_GPIO_Init
                0x000000000800067c      0x1dc ./Core/Src/main.o
 .text.task1_handler
                0x0000000008000858       0x38 ./Core/Src/main.o
 .text.task2_handler
                0x0000000008000890       0x38 ./Core/Src/main.o
 .text.Error_Handler
                0x00000000080008c8        0xa ./Core/Src/main.o
                0x00000000080008c8                Error_Handler
 *fill*         0x00000000080008d2        0x2 
 .text.HAL_MspInit
                0x00000000080008d4       0x34 ./Core/Src/stm32h7xx_hal_msp.o
                0x00000000080008d4                HAL_MspInit
 .text.NMI_Handler
                0x0000000008000908        0x6 ./Core/Src/stm32h7xx_it.o
                0x0000000008000908                NMI_Handler
 .text.HardFault_Handler
                0x000000000800090e        0x6 ./Core/Src/stm32h7xx_it.o
                0x000000000800090e                HardFault_Handler
 .text.MemManage_Handler
                0x0000000008000914        0x6 ./Core/Src/stm32h7xx_it.o
                0x0000000008000914                MemManage_Handler
 .text.BusFault_Handler
                0x000000000800091a        0x6 ./Core/Src/stm32h7xx_it.o
                0x000000000800091a                BusFault_Handler
 .text.UsageFault_Handler
                0x0000000008000920        0x6 ./Core/Src/stm32h7xx_it.o
                0x0000000008000920                UsageFault_Handler
 .text.DebugMon_Handler
                0x0000000008000926        0xe ./Core/Src/stm32h7xx_it.o
                0x0000000008000926                DebugMon_Handler
 .text.Reset_Handler
                0x0000000008000934       0x50 ./Core/Startup/startup_stm32h745zitx.o
                0x0000000008000934                Reset_Handler
 .text.Default_Handler
                0x0000000008000984        0x2 ./Core/Startup/startup_stm32h745zitx.o
                0x0000000008000984                RTC_Alarm_IRQHandler
                0x0000000008000984                EXTI2_IRQHandler
                0x0000000008000984                TIM8_CC_IRQHandler
                0x0000000008000984                HRTIM1_Master_IRQHandler
                0x0000000008000984                UART8_IRQHandler
                0x0000000008000984                SPI4_IRQHandler
                0x0000000008000984                TIM1_CC_IRQHandler
                0x0000000008000984                BDMA_Channel6_IRQHandler
                0x0000000008000984                DMA2_Stream5_IRQHandler
                0x0000000008000984                HRTIM1_FLT_IRQHandler
                0x0000000008000984                JPEG_IRQHandler
                0x0000000008000984                DMA1_Stream5_IRQHandler
                0x0000000008000984                BDMA_Channel1_IRQHandler
                0x0000000008000984                HRTIM1_TIMD_IRQHandler
                0x0000000008000984                TAMP_STAMP_IRQHandler
                0x0000000008000984                EXTI3_IRQHandler
                0x0000000008000984                LPTIM4_IRQHandler
                0x0000000008000984                TIM8_TRG_COM_TIM14_IRQHandler
                0x0000000008000984                LPTIM2_IRQHandler
                0x0000000008000984                DFSDM1_FLT1_IRQHandler
                0x0000000008000984                DMAMUX2_OVR_IRQHandler
                0x0000000008000984                TIM8_UP_TIM13_IRQHandler
                0x0000000008000984                I2C3_ER_IRQHandler
                0x0000000008000984                DFSDM1_FLT2_IRQHandler
                0x0000000008000984                MDMA_IRQHandler
                0x0000000008000984                LPTIM3_IRQHandler
                0x0000000008000984                HSEM1_IRQHandler
                0x0000000008000984                EXTI0_IRQHandler
                0x0000000008000984                I2C2_EV_IRQHandler
                0x0000000008000984                DMA1_Stream2_IRQHandler
                0x0000000008000984                FPU_IRQHandler
                0x0000000008000984                OTG_HS_WKUP_IRQHandler
                0x0000000008000984                FDCAN1_IT1_IRQHandler
                0x0000000008000984                LTDC_ER_IRQHandler
                0x0000000008000984                DMA2_Stream2_IRQHandler
                0x0000000008000984                HRTIM1_TIME_IRQHandler
                0x0000000008000984                SPI1_IRQHandler
                0x0000000008000984                TIM6_DAC_IRQHandler
                0x0000000008000984                DCMI_IRQHandler
                0x0000000008000984                HRTIM1_TIMC_IRQHandler
                0x0000000008000984                DMA2_Stream3_IRQHandler
                0x0000000008000984                SAI2_IRQHandler
                0x0000000008000984                DFSDM1_FLT3_IRQHandler
                0x0000000008000984                USART6_IRQHandler
                0x0000000008000984                TIM17_IRQHandler
                0x0000000008000984                USART3_IRQHandler
                0x0000000008000984                BDMA_Channel7_IRQHandler
                0x0000000008000984                LPTIM5_IRQHandler
                0x0000000008000984                UART5_IRQHandler
                0x0000000008000984                ADC3_IRQHandler
                0x0000000008000984                DMA2_Stream0_IRQHandler
                0x0000000008000984                TIM4_IRQHandler
                0x0000000008000984                BDMA_Channel2_IRQHandler
                0x0000000008000984                QUADSPI_IRQHandler
                0x0000000008000984                I2C1_EV_IRQHandler
                0x0000000008000984                DMA1_Stream6_IRQHandler
                0x0000000008000984                DMAMUX1_OVR_IRQHandler
                0x0000000008000984                DMA1_Stream1_IRQHandler
                0x0000000008000984                TIM16_IRQHandler
                0x0000000008000984                UART4_IRQHandler
                0x0000000008000984                BDMA_Channel5_IRQHandler
                0x0000000008000984                TIM3_IRQHandler
                0x0000000008000984                RCC_IRQHandler
                0x0000000008000984                TIM8_BRK_TIM12_IRQHandler
                0x0000000008000984                TIM1_TRG_COM_IRQHandler
                0x0000000008000984                Default_Handler
                0x0000000008000984                ECC_IRQHandler
                0x0000000008000984                CEC_IRQHandler
                0x0000000008000984                EXTI15_10_IRQHandler
                0x0000000008000984                BDMA_Channel0_IRQHandler
                0x0000000008000984                ADC_IRQHandler
                0x0000000008000984                DMA1_Stream7_IRQHandler
                0x0000000008000984                HRTIM1_TIMA_IRQHandler
                0x0000000008000984                SPI5_IRQHandler
                0x0000000008000984                TIM7_IRQHandler
                0x0000000008000984                SDMMC1_IRQHandler
                0x0000000008000984                TIM5_IRQHandler
                0x0000000008000984                DMA2_Stream7_IRQHandler
                0x0000000008000984                TIM15_IRQHandler
                0x0000000008000984                PVD_AVD_IRQHandler
                0x0000000008000984                I2C3_EV_IRQHandler
                0x0000000008000984                EXTI9_5_IRQHandler
                0x0000000008000984                RTC_WKUP_IRQHandler
                0x0000000008000984                LTDC_IRQHandler
                0x0000000008000984                SAI3_IRQHandler
                0x0000000008000984                ETH_WKUP_IRQHandler
                0x0000000008000984                SPDIF_RX_IRQHandler
                0x0000000008000984                SPI2_IRQHandler
                0x0000000008000984                OTG_HS_EP1_IN_IRQHandler
                0x0000000008000984                DMA1_Stream0_IRQHandler
                0x0000000008000984                CRS_IRQHandler
                0x0000000008000984                CM7_SEV_IRQHandler
                0x0000000008000984                EXTI4_IRQHandler
                0x0000000008000984                RNG_IRQHandler
                0x0000000008000984                CM4_SEV_IRQHandler
                0x0000000008000984                HRTIM1_TIMB_IRQHandler
                0x0000000008000984                FDCAN2_IT1_IRQHandler
                0x0000000008000984                ETH_IRQHandler
                0x0000000008000984                TIM1_UP_IRQHandler
                0x0000000008000984                WWDG_RST_IRQHandler
                0x0000000008000984                BDMA_Channel4_IRQHandler
                0x0000000008000984                OTG_HS_EP1_OUT_IRQHandler
                0x0000000008000984                WWDG_IRQHandler
                0x0000000008000984                SPI6_IRQHandler
                0x0000000008000984                MDIOS_IRQHandler
                0x0000000008000984                I2C4_EV_IRQHandler
                0x0000000008000984                FDCAN2_IT0_IRQHandler
                0x0000000008000984                LPUART1_IRQHandler
                0x0000000008000984                FDCAN1_IT0_IRQHandler
                0x0000000008000984                TIM2_IRQHandler
                0x0000000008000984                OTG_FS_WKUP_IRQHandler
                0x0000000008000984                OTG_HS_IRQHandler
                0x0000000008000984                HSEM2_IRQHandler
                0x0000000008000984                DMA2D_IRQHandler
                0x0000000008000984                TIM1_BRK_IRQHandler
                0x0000000008000984                EXTI1_IRQHandler
                0x0000000008000984                SDMMC2_IRQHandler
                0x0000000008000984                OTG_FS_EP1_OUT_IRQHandler
                0x0000000008000984                BDMA_Channel3_IRQHandler
                0x0000000008000984                HOLD_CORE_IRQHandler
                0x0000000008000984                UART7_IRQHandler
                0x0000000008000984                MDIOS_WKUP_IRQHandler
                0x0000000008000984                USART2_IRQHandler
                0x0000000008000984                DFSDM1_FLT0_IRQHandler
                0x0000000008000984                SAI4_IRQHandler
                0x0000000008000984                I2C2_ER_IRQHandler
                0x0000000008000984                DMA2_Stream1_IRQHandler
                0x0000000008000984                FLASH_IRQHandler
                0x0000000008000984                DMA2_Stream4_IRQHandler
                0x0000000008000984                USART1_IRQHandler
                0x0000000008000984                OTG_FS_IRQHandler
                0x0000000008000984                SPI3_IRQHandler
                0x0000000008000984                WAKEUP_PIN_IRQHandler
                0x0000000008000984                DMA1_Stream4_IRQHandler
                0x0000000008000984                OTG_FS_EP1_IN_IRQHandler
                0x0000000008000984                I2C1_ER_IRQHandler
                0x0000000008000984                FMC_IRQHandler
                0x0000000008000984                FDCAN_CAL_IRQHandler
                0x0000000008000984                SWPMI1_IRQHandler
                0x0000000008000984                COMP1_IRQHandler
                0x0000000008000984                LPTIM1_IRQHandler
                0x0000000008000984                I2C4_ER_IRQHandler
                0x0000000008000984                DMA2_Stream6_IRQHandler
                0x0000000008000984                SAI1_IRQHandler
                0x0000000008000984                DMA1_Stream3_IRQHandler
 *fill*         0x0000000008000986        0x2 
 .text.HAL_Init
                0x0000000008000988       0x78 ./Drivers/STM32H7xx_HAL_Driver/stm32h7xx_hal.o
                0x0000000008000988                HAL_Init
 .text.HAL_InitTick
                0x0000000008000a00       0x6c ./Drivers/STM32H7xx_HAL_Driver/stm32h7xx_hal.o
                0x0000000008000a00                HAL_InitTick
 .text.HAL_GetTick
                0x0000000008000a6c       0x18 ./Drivers/STM32H7xx_HAL_Driver/stm32h7xx_hal.o
                0x0000000008000a6c                HAL_GetTick
 .text.HAL_GetREVID
                0x0000000008000a84       0x18 ./Drivers/STM32H7xx_HAL_Driver/stm32h7xx_hal.o
                0x0000000008000a84                HAL_GetREVID
 .text.__NVIC_SetPriorityGrouping
                0x0000000008000a9c       0x48 ./Drivers/STM32H7xx_HAL_Driver/stm32h7xx_hal_cortex.o
 .text.__NVIC_GetPriorityGrouping
                0x0000000008000ae4       0x1c ./Drivers/STM32H7xx_HAL_Driver/stm32h7xx_hal_cortex.o
 .text.__NVIC_SetPriority
                0x0000000008000b00       0x54 ./Drivers/STM32H7xx_HAL_Driver/stm32h7xx_hal_cortex.o
 .text.NVIC_EncodePriority
                0x0000000008000b54       0x66 ./Drivers/STM32H7xx_HAL_Driver/stm32h7xx_hal_cortex.o
 *fill*         0x0000000008000bba        0x2 
 .text.SysTick_Config
                0x0000000008000bbc       0x44 ./Drivers/STM32H7xx_HAL_Driver/stm32h7xx_hal_cortex.o
 .text.HAL_NVIC_SetPriorityGrouping
                0x0000000008000c00       0x16 ./Drivers/STM32H7xx_HAL_Driver/stm32h7xx_hal_cortex.o
                0x0000000008000c00                HAL_NVIC_SetPriorityGrouping
 .text.HAL_NVIC_SetPriority
                0x0000000008000c16       0x34 ./Drivers/STM32H7xx_HAL_Driver/stm32h7xx_hal_cortex.o
                0x0000000008000c16                HAL_NVIC_SetPriority
 .text.HAL_SYSTICK_Config
                0x0000000008000c4a       0x18 ./Drivers/STM32H7xx_HAL_Driver/stm32h7xx_hal_cortex.o
                0x0000000008000c4a                HAL_SYSTICK_Config
 *fill*         0x0000000008000c62        0x2 
 .text.HAL_GPIO_Init
                0x0000000008000c64      0x360 ./Drivers/STM32H7xx_HAL_Driver/stm32h7xx_hal_gpio.o
                0x0000000008000c64                HAL_GPIO_Init
 .text.HAL_GPIO_WritePin
                0x0000000008000fc4       0x32 ./Drivers/STM32H7xx_HAL_Driver/stm32h7xx_hal_gpio.o
                0x0000000008000fc4                HAL_GPIO_WritePin
 .text.HAL_GPIO_TogglePin
                0x0000000008000ff6       0x34 ./Drivers/STM32H7xx_HAL_Driver/stm32h7xx_hal_gpio.o
                0x0000000008000ff6                HAL_GPIO_TogglePin
 *fill*         0x000000000800102a        0x2 
 .text.HAL_HSEM_FastTake
                0x000000000800102c       0x34 ./Drivers/STM32H7xx_HAL_Driver/stm32h7xx_hal_hsem.o
                0x000000000800102c                HAL_HSEM_FastTake
 .text.HAL_HSEM_Release
                0x0000000008001060       0x28 ./Drivers/STM32H7xx_HAL_Driver/stm32h7xx_hal_hsem.o
                0x0000000008001060                HAL_HSEM_Release
 .text.HAL_PWREx_ConfigSupply
                0x0000000008001088       0xb4 ./Drivers/STM32H7xx_HAL_Driver/stm32h7xx_hal_pwr_ex.o
                0x0000000008001088                HAL_PWREx_ConfigSupply
 .text.HAL_RCC_OscConfig
                0x000000000800113c      0x85c ./Drivers/STM32H7xx_HAL_Driver/stm32h7xx_hal_rcc.o
                0x000000000800113c                HAL_RCC_OscConfig
 .text.HAL_RCC_ClockConfig
                0x0000000008001998      0x36c ./Drivers/STM32H7xx_HAL_Driver/stm32h7xx_hal_rcc.o
                0x0000000008001998                HAL_RCC_ClockConfig
 .text.HAL_RCC_GetSysClockFreq
                0x0000000008001d04      0x2f4 ./Drivers/STM32H7xx_HAL_Driver/stm32h7xx_hal_rcc.o
                0x0000000008001d04                HAL_RCC_GetSysClockFreq
 .text.vListInitialise
                0x0000000008001ff8       0x40 ./ThirdParty/FreeRTOS/list.o
                0x0000000008001ff8                vListInitialise
 .text.vListInitialiseItem
                0x0000000008002038       0x1a ./ThirdParty/FreeRTOS/list.o
                0x0000000008002038                vListInitialiseItem
 .text.vListInsertEnd
                0x0000000008002052       0x48 ./ThirdParty/FreeRTOS/list.o
                0x0000000008002052                vListInsertEnd
 .text.vListInsert
                0x000000000800209a       0x72 ./ThirdParty/FreeRTOS/list.o
                0x000000000800209a                vListInsert
 .text.uxListRemove
                0x000000000800210c       0x54 ./ThirdParty/FreeRTOS/list.o
                0x000000000800210c                uxListRemove
 .text.xTaskCreate
                0x0000000008002160       0x82 ./ThirdParty/FreeRTOS/tasks.o
                0x0000000008002160                xTaskCreate
 .text.prvInitialiseNewTask
                0x00000000080021e2      0x130 ./ThirdParty/FreeRTOS/tasks.o
 *fill*         0x0000000008002312        0x2 
 .text.prvAddNewTaskToReadyList
                0x0000000008002314      0x118 ./ThirdParty/FreeRTOS/tasks.o
 .text.xTaskDelayUntil
                0x000000000800242c      0x110 ./ThirdParty/FreeRTOS/tasks.o
                0x000000000800242c                xTaskDelayUntil
 .text.vTaskStartScheduler
                0x000000000800253c       0xc0 ./ThirdParty/FreeRTOS/tasks.o
                0x000000000800253c                vTaskStartScheduler
 .text.vTaskSuspendAll
                0x00000000080025fc       0x1c ./ThirdParty/FreeRTOS/tasks.o
                0x00000000080025fc                vTaskSuspendAll
 .text.xTaskResumeAll
                0x0000000008002618      0x144 ./ThirdParty/FreeRTOS/tasks.o
                0x0000000008002618                xTaskResumeAll
 .text.xTaskGetTickCount
                0x000000000800275c       0x20 ./ThirdParty/FreeRTOS/tasks.o
                0x000000000800275c                xTaskGetTickCount
 .text.xTaskGetTickCountFromISR
                0x000000000800277c       0x24 ./ThirdParty/FreeRTOS/tasks.o
                0x000000000800277c                xTaskGetTickCountFromISR
 .text.xTaskIncrementTick
                0x00000000080027a0      0x17c ./ThirdParty/FreeRTOS/tasks.o
                0x00000000080027a0                xTaskIncrementTick
 .text.vTaskSwitchContext
                0x000000000800291c       0xd8 ./ThirdParty/FreeRTOS/tasks.o
                0x000000000800291c                vTaskSwitchContext
 .text.prvIdleTask
                0x00000000080029f4       0x30 ./ThirdParty/FreeRTOS/tasks.o
 .text.prvInitialiseTaskLists
                0x0000000008002a24       0x80 ./ThirdParty/FreeRTOS/tasks.o
 .text.prvCheckTasksWaitingTermination
                0x0000000008002aa4       0x5c ./ThirdParty/FreeRTOS/tasks.o
 .text.prvDeleteTCB
                0x0000000008002b00       0x20 ./ThirdParty/FreeRTOS/tasks.o
 .text.prvResetNextTaskUnblockTime
                0x0000000008002b20       0x38 ./ThirdParty/FreeRTOS/tasks.o
 .text.prvAddCurrentTaskToDelayedList
                0x0000000008002b58       0xe4 ./ThirdParty/FreeRTOS/tasks.o
 .text.pxPortInitialiseStack
                0x0000000008002c3c       0x68 ./ThirdParty/FreeRTOS/portable/GCC/ARM_CM7/r0p1/port.o
                0x0000000008002c3c                pxPortInitialiseStack
 .text.prvTaskExitError
                0x0000000008002ca4       0x60 ./ThirdParty/FreeRTOS/portable/GCC/ARM_CM7/r0p1/port.o
 *fill*         0x0000000008002d04        0xc 
 .text.SVC_Handler
                0x0000000008002d10       0x28 ./ThirdParty/FreeRTOS/portable/GCC/ARM_CM7/r0p1/port.o
                0x0000000008002d10                SVC_Handler
 .text.prvPortStartFirstTask
                0x0000000008002d38       0x2c ./ThirdParty/FreeRTOS/portable/GCC/ARM_CM7/r0p1/port.o
 .text.xPortStartScheduler
                0x0000000008002d64      0x150 ./ThirdParty/FreeRTOS/portable/GCC/ARM_CM7/r0p1/port.o
                0x0000000008002d64                xPortStartScheduler
 .text.vInitPrioGroupValue
                0x0000000008002eb4      0x108 ./ThirdParty/FreeRTOS/portable/GCC/ARM_CM7/r0p1/port.o
                0x0000000008002eb4                vInitPrioGroupValue
 .text.vPortEnterCritical
                0x0000000008002fbc       0x68 ./ThirdParty/FreeRTOS/portable/GCC/ARM_CM7/r0p1/port.o
                0x0000000008002fbc                vPortEnterCritical
 .text.vPortExitCritical
                0x0000000008003024       0x58 ./ThirdParty/FreeRTOS/portable/GCC/ARM_CM7/r0p1/port.o
                0x0000000008003024                vPortExitCritical
 *fill*         0x000000000800307c        0x4 
 .text.PendSV_Handler
                0x0000000008003080       0x68 ./ThirdParty/FreeRTOS/portable/GCC/ARM_CM7/r0p1/port.o
                0x0000000008003080                PendSV_Handler
 .text.SysTick_Handler
                0x00000000080030e8       0x58 ./ThirdParty/FreeRTOS/portable/GCC/ARM_CM7/r0p1/port.o
                0x00000000080030e8                SysTick_Handler
 .text.vPortSetupTimerInterrupt
                0x0000000008003140       0x48 ./ThirdParty/FreeRTOS/portable/GCC/ARM_CM7/r0p1/port.o
                0x0000000008003140                vPortSetupTimerInterrupt
 .text.vPortEnableVFP
                0x0000000008003188       0x18 ./ThirdParty/FreeRTOS/portable/GCC/ARM_CM7/r0p1/port.o
 .text.vPortValidateInterruptPriority
                0x00000000080031a0       0x88 ./ThirdParty/FreeRTOS/portable/GCC/ARM_CM7/r0p1/port.o
                0x00000000080031a0                vPortValidateInterruptPriority
 .text.pvPortMalloc
                0x0000000008003228      0x1cc ./ThirdParty/FreeRTOS/portable/MemMang/heap_4.o
                0x0000000008003228                pvPortMalloc
 .text.vPortFree
                0x00000000080033f4       0xcc ./ThirdParty/FreeRTOS/portable/MemMang/heap_4.o
                0x00000000080033f4                vPortFree
 .text.prvHeapInit
                0x00000000080034c0       0xc4 ./ThirdParty/FreeRTOS/portable/MemMang/heap_4.o
 .text.prvInsertBlockIntoFreeList
                0x0000000008003584       0xb4 ./ThirdParty/FreeRTOS/portable/MemMang/heap_4.o
 .text._cbSendSystemDesc
                0x0000000008003638       0x1c ./ThirdParty/SEGGER/Config/SEGGER_SYSVIEW_Config_FreeRTOS.o
 .text.SEGGER_SYSVIEW_Conf
                0x0000000008003654       0x2c ./ThirdParty/SEGGER/Config/SEGGER_SYSVIEW_Config_FreeRTOS.o
                0x0000000008003654                SEGGER_SYSVIEW_Conf
 .text._cbSendTaskList
                0x0000000008003680       0x90 ./ThirdParty/SEGGER/OS/SEGGER_SYSVIEW_FreeRTOS.o
 .text._cbGetTime
                0x0000000008003710       0x86 ./ThirdParty/SEGGER/OS/SEGGER_SYSVIEW_FreeRTOS.o
 *fill*         0x0000000008003796        0x2 
 .text.SYSVIEW_AddTask
                0x0000000008003798       0xd0 ./ThirdParty/SEGGER/OS/SEGGER_SYSVIEW_FreeRTOS.o
                0x0000000008003798                SYSVIEW_AddTask
 .text.SYSVIEW_SendTaskInfo
                0x0000000008003868       0x42 ./ThirdParty/SEGGER/OS/SEGGER_SYSVIEW_FreeRTOS.o
                0x0000000008003868                SYSVIEW_SendTaskInfo
 *fill*         0x00000000080038aa        0x2 
 .text._DoInit  0x00000000080038ac       0xb4 ./ThirdParty/SEGGER/SEGGER/SEGGER_RTT.o
 .text.SEGGER_RTT_ReadNoLock
                0x0000000008003960      0x10c ./ThirdParty/SEGGER/SEGGER/SEGGER_RTT.o
                0x0000000008003960                SEGGER_RTT_ReadNoLock
 .text.SEGGER_RTT_AllocUpBuffer
                0x0000000008003a6c      0x108 ./ThirdParty/SEGGER/SEGGER/SEGGER_RTT.o
                0x0000000008003a6c                SEGGER_RTT_AllocUpBuffer
 .text.SEGGER_RTT_ConfigDownBuffer
                0x0000000008003b74       0x98 ./ThirdParty/SEGGER/SEGGER/SEGGER_RTT.o
                0x0000000008003b74                SEGGER_RTT_ConfigDownBuffer
 .text._EncodeStr
                0x0000000008003c0c       0xa0 ./ThirdParty/SEGGER/SEGGER/SEGGER_SYSVIEW.o
 .text._PreparePacket
                0x0000000008003cac       0x18 ./ThirdParty/SEGGER/SEGGER/SEGGER_SYSVIEW.o
 .text._HandleIncomingPacket
                0x0000000008003cc4       0xe0 ./ThirdParty/SEGGER/SEGGER/SEGGER_SYSVIEW.o
 .text._TrySendOverflowPacket
                0x0000000008003da4       0xe4 ./ThirdParty/SEGGER/SEGGER/SEGGER_SYSVIEW.o
 .text._SendPacket
                0x0000000008003e88      0x2dc ./ThirdParty/SEGGER/SEGGER/SEGGER_SYSVIEW.o
 .text._StoreChar
                0x0000000008004164       0xf6 ./ThirdParty/SEGGER/SEGGER/SEGGER_SYSVIEW.o
 *fill*         0x000000000800425a        0x2 
 .text._PrintUnsigned
                0x000000000800425c      0x12c ./ThirdParty/SEGGER/SEGGER/SEGGER_SYSVIEW.o
 .text._PrintInt
                0x0000000008004388      0x11e ./ThirdParty/SEGGER/SEGGER/SEGGER_SYSVIEW.o
 *fill*         0x00000000080044a6        0x2 
 .text._VPrintTarget
                0x00000000080044a8      0x3f0 ./ThirdParty/SEGGER/SEGGER/SEGGER_SYSVIEW.o
 .text.SEGGER_SYSVIEW_Init
                0x0000000008004898       0x88 ./ThirdParty/SEGGER/SEGGER/SEGGER_SYSVIEW.o
                0x0000000008004898                SEGGER_SYSVIEW_Init
 .text.SEGGER_SYSVIEW_SetRAMBase
                0x0000000008004920       0x20 ./ThirdParty/SEGGER/SEGGER/SEGGER_SYSVIEW.o
                0x0000000008004920                SEGGER_SYSVIEW_SetRAMBase
 .text.SEGGER_SYSVIEW_RecordVoid
                0x0000000008004940       0x3c ./ThirdParty/SEGGER/SEGGER/SEGGER_SYSVIEW.o
                0x0000000008004940                SEGGER_SYSVIEW_RecordVoid
 .text.SEGGER_SYSVIEW_RecordU32
                0x000000000800497c       0x78 ./ThirdParty/SEGGER/SEGGER/SEGGER_SYSVIEW.o
                0x000000000800497c                SEGGER_SYSVIEW_RecordU32
 .text.SEGGER_SYSVIEW_RecordU32x2
                0x00000000080049f4       0xb4 ./ThirdParty/SEGGER/SEGGER/SEGGER_SYSVIEW.o
                0x00000000080049f4                SEGGER_SYSVIEW_RecordU32x2
 .text.SEGGER_SYSVIEW_Start
                0x0000000008004aa8      0x174 ./ThirdParty/SEGGER/SEGGER/SEGGER_SYSVIEW.o
                0x0000000008004aa8                SEGGER_SYSVIEW_Start
 .text.SEGGER_SYSVIEW_Stop
                0x0000000008004c1c       0x4c ./ThirdParty/SEGGER/SEGGER/SEGGER_SYSVIEW.o
                0x0000000008004c1c                SEGGER_SYSVIEW_Stop
 .text.SEGGER_SYSVIEW_GetSysDesc
                0x0000000008004c68      0x134 ./ThirdParty/SEGGER/SEGGER/SEGGER_SYSVIEW.o
                0x0000000008004c68                SEGGER_SYSVIEW_GetSysDesc
 .text.SEGGER_SYSVIEW_SendTaskInfo
                0x0000000008004d9c      0x1c8 ./ThirdParty/SEGGER/SEGGER/SEGGER_SYSVIEW.o
                0x0000000008004d9c                SEGGER_SYSVIEW_SendTaskInfo
 .text.SEGGER_SYSVIEW_SendTaskList
                0x0000000008004f64       0x28 ./ThirdParty/SEGGER/SEGGER/SEGGER_SYSVIEW.o
                0x0000000008004f64                SEGGER_SYSVIEW_SendTaskList
 .text.SEGGER_SYSVIEW_SendSysDesc
                0x0000000008004f8c       0x48 ./ThirdParty/SEGGER/SEGGER/SEGGER_SYSVIEW.o
                0x0000000008004f8c                SEGGER_SYSVIEW_SendSysDesc
 .text.SEGGER_SYSVIEW_RecordSystime
                0x0000000008004fd4       0x64 ./ThirdParty/SEGGER/SEGGER/SEGGER_SYSVIEW.o
                0x0000000008004fd4                SEGGER_SYSVIEW_RecordSystime
 .text.SEGGER_SYSVIEW_RecordEnterISR
                0x0000000008005038       0x84 ./ThirdParty/SEGGER/SEGGER/SEGGER_SYSVIEW.o
                0x0000000008005038                SEGGER_SYSVIEW_RecordEnterISR
 .text.SEGGER_SYSVIEW_RecordExitISR
                0x00000000080050bc       0x38 ./ThirdParty/SEGGER/SEGGER/SEGGER_SYSVIEW.o
                0x00000000080050bc                SEGGER_SYSVIEW_RecordExitISR
 .text.SEGGER_SYSVIEW_RecordExitISRToScheduler
                0x00000000080050f4       0x38 ./ThirdParty/SEGGER/SEGGER/SEGGER_SYSVIEW.o
                0x00000000080050f4                SEGGER_SYSVIEW_RecordExitISRToScheduler
 .text.SEGGER_SYSVIEW_OnIdle
                0x000000000800512c       0x38 ./ThirdParty/SEGGER/SEGGER/SEGGER_SYSVIEW.o
                0x000000000800512c                SEGGER_SYSVIEW_OnIdle
 .text.SEGGER_SYSVIEW_OnTaskCreate
                0x0000000008005164       0x84 ./ThirdParty/SEGGER/SEGGER/SEGGER_SYSVIEW.o
                0x0000000008005164                SEGGER_SYSVIEW_OnTaskCreate
 .text.SEGGER_SYSVIEW_OnTaskStartExec
                0x00000000080051e8       0x84 ./ThirdParty/SEGGER/SEGGER/SEGGER_SYSVIEW.o
                0x00000000080051e8                SEGGER_SYSVIEW_OnTaskStartExec
 .text.SEGGER_SYSVIEW_OnTaskStartReady
                0x000000000800526c       0x84 ./ThirdParty/SEGGER/SEGGER/SEGGER_SYSVIEW.o
                0x000000000800526c                SEGGER_SYSVIEW_OnTaskStartReady
 .text.SEGGER_SYSVIEW_OnTaskStopReady
                0x00000000080052f0       0xc0 ./ThirdParty/SEGGER/SEGGER/SEGGER_SYSVIEW.o
                0x00000000080052f0                SEGGER_SYSVIEW_OnTaskStopReady
 .text.SEGGER_SYSVIEW_SendModule
                0x00000000080053b0      0x100 ./ThirdParty/SEGGER/SEGGER/SEGGER_SYSVIEW.o
                0x00000000080053b0                SEGGER_SYSVIEW_SendModule
 .text.SEGGER_SYSVIEW_SendModuleDescription
                0x00000000080054b0       0x3c ./ThirdParty/SEGGER/SEGGER/SEGGER_SYSVIEW.o
                0x00000000080054b0                SEGGER_SYSVIEW_SendModuleDescription
 .text.SEGGER_SYSVIEW_SendNumModules
                0x00000000080054ec       0x7c ./ThirdParty/SEGGER/SEGGER/SEGGER_SYSVIEW.o
                0x00000000080054ec                SEGGER_SYSVIEW_SendNumModules
 .text.SEGGER_SYSVIEW_PrintfTarget
                0x0000000008005568       0x28 ./ThirdParty/SEGGER/SEGGER/SEGGER_SYSVIEW.o
                0x0000000008005568                SEGGER_SYSVIEW_PrintfTarget
 .text.SEGGER_SYSVIEW_Warn
                0x0000000008005590       0xb8 ./ThirdParty/SEGGER/SEGGER/SEGGER_SYSVIEW.o
                0x0000000008005590                SEGGER_SYSVIEW_Warn
 .text.__libc_init_array
                0x0000000008005648       0x48 /opt/st/stm32cubeide_1.10.1/plugins/com.st.stm32cube.ide.mcu.externaltools.gnu-tools-for-stm32.10.3-2021.10.linux64_1.0.0.202111181127/tools/bin/../lib/gcc/arm-none-eabi/10.3.1/../../../../arm-none-eabi/lib/thumb/v7e-m+dp/hard/libc_nano.a(lib_a-init.o)
                0x0000000008005648                __libc_init_array
 .text.memcmp   0x0000000008005690       0x20 /opt/st/stm32cubeide_1.10.1/plugins/com.st.stm32cube.ide.mcu.externaltools.gnu-tools-for-stm32.10.3-2021.10.linux64_1.0.0.202111181127/tools/bin/../lib/gcc/arm-none-eabi/10.3.1/../../../../arm-none-eabi/lib/thumb/v7e-m+dp/hard/libc_nano.a(lib_a-memcmp.o)
                0x0000000008005690                memcmp
 .text.memcpy   0x00000000080056b0       0x1c /opt/st/stm32cubeide_1.10.1/plugins/com.st.stm32cube.ide.mcu.externaltools.gnu-tools-for-stm32.10.3-2021.10.linux64_1.0.0.202111181127/tools/bin/../lib/gcc/arm-none-eabi/10.3.1/../../../../arm-none-eabi/lib/thumb/v7e-m+dp/hard/libc_nano.a(lib_a-memcpy-stub.o)
                0x00000000080056b0                memcpy
 .text.memset   0x00000000080056cc       0x10 /opt/st/stm32cubeide_1.10.1/plugins/com.st.stm32cube.ide.mcu.externaltools.gnu-tools-for-stm32.10.3-2021.10.linux64_1.0.0.202111181127/tools/bin/../lib/gcc/arm-none-eabi/10.3.1/../../../../arm-none-eabi/lib/thumb/v7e-m+dp/hard/libc_nano.a(lib_a-memset.o)
                0x00000000080056cc                memset
 *(.glue_7)
 .glue_7        0x00000000080056dc        0x0 linker stubs
 *(.glue_7t)
 .glue_7t       0x00000000080056dc        0x0 linker stubs
 *(.eh_frame)
 .eh_frame      0x00000000080056dc        0x0 /opt/st/stm32cubeide_1.10.1/plugins/com.st.stm32cube.ide.mcu.externaltools.gnu-tools-for-stm32.10.3-2021.10.linux64_1.0.0.202111181127/tools/bin/../lib/gcc/arm-none-eabi/10.3.1/thumb/v7e-m+dp/hard/crtbegin.o
 *(.init)
 .init          0x00000000080056dc        0x4 /opt/st/stm32cubeide_1.10.1/plugins/com.st.stm32cube.ide.mcu.externaltools.gnu-tools-for-stm32.10.3-2021.10.linux64_1.0.0.202111181127/tools/bin/../lib/gcc/arm-none-eabi/10.3.1/thumb/v7e-m+dp/hard/crti.o
                0x00000000080056dc                _init
 .init          0x00000000080056e0        0x8 /opt/st/stm32cubeide_1.10.1/plugins/com.st.stm32cube.ide.mcu.externaltools.gnu-tools-for-stm32.10.3-2021.10.linux64_1.0.0.202111181127/tools/bin/../lib/gcc/arm-none-eabi/10.3.1/thumb/v7e-m+dp/hard/crtn.o
 *(.fini)
 .fini          0x00000000080056e8        0x4 /opt/st/stm32cubeide_1.10.1/plugins/com.st.stm32cube.ide.mcu.externaltools.gnu-tools-for-stm32.10.3-2021.10.linux64_1.0.0.202111181127/tools/bin/../lib/gcc/arm-none-eabi/10.3.1/thumb/v7e-m+dp/hard/crti.o
                0x00000000080056e8                _fini
 .fini          0x00000000080056ec        0x8 /opt/st/stm32cubeide_1.10.1/plugins/com.st.stm32cube.ide.mcu.externaltools.gnu-tools-for-stm32.10.3-2021.10.linux64_1.0.0.202111181127/tools/bin/../lib/gcc/arm-none-eabi/10.3.1/thumb/v7e-m+dp/hard/crtn.o
                0x00000000080056f4                . = ALIGN (0x4)
                0x00000000080056f4                _etext = .

.vfp11_veneer   0x00000000080056f4        0x0
 .vfp11_veneer  0x00000000080056f4        0x0 linker stubs

.v4_bx          0x00000000080056f4        0x0
 .v4_bx         0x00000000080056f4        0x0 linker stubs

.iplt           0x00000000080056f4        0x0
 .iplt          0x00000000080056f4        0x0 /opt/st/stm32cubeide_1.10.1/plugins/com.st.stm32cube.ide.mcu.externaltools.gnu-tools-for-stm32.10.3-2021.10.linux64_1.0.0.202111181127/tools/bin/../lib/gcc/arm-none-eabi/10.3.1/thumb/v7e-m+dp/hard/crtbegin.o

.rodata         0x00000000080056f4      0x140
                0x00000000080056f4                . = ALIGN (0x4)
 *(.rodata)
 .rodata        0x00000000080056f4       0x35 ./Core/Src/main.o
 *fill*         0x0000000008005729        0x3 
 .rodata        0x000000000800572c        0x5 ./ThirdParty/FreeRTOS/tasks.o
 *fill*         0x0000000008005731        0x3 
 .rodata        0x0000000008005734       0x49 ./ThirdParty/SEGGER/Config/SEGGER_SYSVIEW_Config_FreeRTOS.o
 *fill*         0x000000000800577d        0x3 
 .rodata        0x0000000008005780       0x58 ./ThirdParty/SEGGER/OS/SEGGER_SYSVIEW_FreeRTOS.o
 .rodata        0x00000000080057d8        0x9 ./ThirdParty/SEGGER/SEGGER/SEGGER_RTT.o
 *fill*         0x00000000080057e1        0x3 
 .rodata        0x00000000080057e4        0x8 ./ThirdParty/SEGGER/SEGGER/SEGGER_SYSVIEW.o
 *(.rodata*)
 .rodata.D1CorePrescTable
                0x00000000080057ec       0x10 ./Common/Src/system_stm32h7xx_dualcore_boot_cm4_cm7.o
                0x00000000080057ec                D1CorePrescTable
 .rodata.SYSVIEW_X_OS_TraceAPI
                0x00000000080057fc        0x8 ./ThirdParty/SEGGER/OS/SEGGER_SYSVIEW_FreeRTOS.o
                0x00000000080057fc                SYSVIEW_X_OS_TraceAPI
 .rodata._aInitStr.0
                0x0000000008005804       0x11 ./ThirdParty/SEGGER/SEGGER/SEGGER_RTT.o
 *fill*         0x0000000008005815        0x3 
 .rodata._abSync
                0x0000000008005818        0xa ./ThirdParty/SEGGER/SEGGER/SEGGER_SYSVIEW.o
 *fill*         0x0000000008005822        0x2 
 .rodata._aV2C.0
                0x0000000008005824       0x10 ./ThirdParty/SEGGER/SEGGER/SEGGER_SYSVIEW.o
                0x0000000008005834                . = ALIGN (0x4)

.rel.dyn        0x0000000008005834        0x0
 .rel.iplt      0x0000000008005834        0x0 /opt/st/stm32cubeide_1.10.1/plugins/com.st.stm32cube.ide.mcu.externaltools.gnu-tools-for-stm32.10.3-2021.10.linux64_1.0.0.202111181127/tools/bin/../lib/gcc/arm-none-eabi/10.3.1/thumb/v7e-m+dp/hard/crtbegin.o

.ARM.extab      0x0000000008005834        0x0
                0x0000000008005834                . = ALIGN (0x4)
 *(.ARM.extab* .gnu.linkonce.armextab.*)
                0x0000000008005834                . = ALIGN (0x4)

.ARM            0x0000000008005834        0x0
                0x0000000008005834                . = ALIGN (0x4)
                0x0000000008005834                __exidx_start = .
 *(.ARM.exidx*)
                0x0000000008005834                __exidx_end = .
                0x0000000008005834                . = ALIGN (0x4)

.preinit_array  0x0000000008005834        0x0
                0x0000000008005834                . = ALIGN (0x4)
                0x0000000008005834                PROVIDE (__preinit_array_start = .)
 *(.preinit_array*)
                0x0000000008005834                PROVIDE (__preinit_array_end = .)
                0x0000000008005834                . = ALIGN (0x4)

.init_array     0x0000000008005834        0x4
                0x0000000008005834                . = ALIGN (0x4)
                0x0000000008005834                PROVIDE (__init_array_start = .)
 *(SORT_BY_NAME(.init_array.*))
 *(.init_array*)
 .init_array    0x0000000008005834        0x4 /opt/st/stm32cubeide_1.10.1/plugins/com.st.stm32cube.ide.mcu.externaltools.gnu-tools-for-stm32.10.3-2021.10.linux64_1.0.0.202111181127/tools/bin/../lib/gcc/arm-none-eabi/10.3.1/thumb/v7e-m+dp/hard/crtbegin.o
                0x0000000008005838                PROVIDE (__init_array_end = .)
                0x0000000008005838                . = ALIGN (0x4)

.fini_array     0x0000000008005838        0x4
                0x0000000008005838                . = ALIGN (0x4)
                [!provide]                        PROVIDE (__fini_array_start = .)
 *(SORT_BY_NAME(.fini_array.*))
 *(.fini_array*)
 .fini_array    0x0000000008005838        0x4 /opt/st/stm32cubeide_1.10.1/plugins/com.st.stm32cube.ide.mcu.externaltools.gnu-tools-for-stm32.10.3-2021.10.linux64_1.0.0.202111181127/tools/bin/../lib/gcc/arm-none-eabi/10.3.1/thumb/v7e-m+dp/hard/crtbegin.o
                [!provide]                        PROVIDE (__fini_array_end = .)
                0x000000000800583c                . = ALIGN (0x4)
                0x000000000800583c                _sidata = LOADADDR (.data)

.data           0x0000000024000000       0x18 load address 0x000000000800583c
                0x0000000024000000                . = ALIGN (0x4)
                0x0000000024000000                _sdata = .
 *(.data)
 *(.data*)
 .data.SystemCoreClock
                0x0000000024000000        0x4 ./Common/Src/system_stm32h7xx_dualcore_boot_cm4_cm7.o
                0x0000000024000000                SystemCoreClock
 .data.SystemD2Clock
                0x0000000024000004        0x4 ./Common/Src/system_stm32h7xx_dualcore_boot_cm4_cm7.o
                0x0000000024000004                SystemD2Clock
 .data.uwTickPrio
                0x0000000024000008        0x4 ./Drivers/STM32H7xx_HAL_Driver/stm32h7xx_hal.o
                0x0000000024000008                uwTickPrio
 .data.uwTickFreq
                0x000000002400000c        0x1 ./Drivers/STM32H7xx_HAL_Driver/stm32h7xx_hal.o
                0x000000002400000c                uwTickFreq
 *fill*         0x000000002400000d        0x3 
 .data.uxTopUsedPriority
                0x0000000024000010        0x4 ./ThirdParty/FreeRTOS/tasks.o
                0x0000000024000010                uxTopUsedPriority
 .data.uxCriticalNesting
                0x0000000024000014        0x4 ./ThirdParty/FreeRTOS/portable/GCC/ARM_CM7/r0p1/port.o
 *(.RamFunc)
 *(.RamFunc*)
                0x0000000024000018                . = ALIGN (0x4)
                0x0000000024000018                _edata = .

.igot.plt       0x0000000024000018        0x0 load address 0x0000000008005854
 .igot.plt      0x0000000024000018        0x0 /opt/st/stm32cubeide_1.10.1/plugins/com.st.stm32cube.ide.mcu.externaltools.gnu-tools-for-stm32.10.3-2021.10.linux64_1.0.0.202111181127/tools/bin/../lib/gcc/arm-none-eabi/10.3.1/thumb/v7e-m+dp/hard/crtbegin.o
                0x0000000024000018                . = ALIGN (0x4)

.bss            0x0000000024000018     0x63ec load address 0x0000000008005854
                0x0000000024000018                _sbss = .
                0x0000000024000018                __bss_start__ = _sbss
 *(.bss)
 .bss           0x0000000024000018       0x1c /opt/st/stm32cubeide_1.10.1/plugins/com.st.stm32cube.ide.mcu.externaltools.gnu-tools-for-stm32.10.3-2021.10.linux64_1.0.0.202111181127/tools/bin/../lib/gcc/arm-none-eabi/10.3.1/thumb/v7e-m+dp/hard/crtbegin.o
 *(.bss*)
 .bss.uwTick    0x0000000024000034        0x4 ./Drivers/STM32H7xx_HAL_Driver/stm32h7xx_hal.o
                0x0000000024000034                uwTick
 .bss.pxCurrentTCB
                0x0000000024000038        0x4 ./ThirdParty/FreeRTOS/tasks.o
                0x0000000024000038                pxCurrentTCB
 .bss.pxReadyTasksLists
                0x000000002400003c       0x8c ./ThirdParty/FreeRTOS/tasks.o
 .bss.xDelayedTaskList1
                0x00000000240000c8       0x14 ./ThirdParty/FreeRTOS/tasks.o
 .bss.xDelayedTaskList2
                0x00000000240000dc       0x14 ./ThirdParty/FreeRTOS/tasks.o
 .bss.pxDelayedTaskList
                0x00000000240000f0        0x4 ./ThirdParty/FreeRTOS/tasks.o
 .bss.pxOverflowDelayedTaskList
                0x00000000240000f4        0x4 ./ThirdParty/FreeRTOS/tasks.o
 .bss.xPendingReadyList
                0x00000000240000f8       0x14 ./ThirdParty/FreeRTOS/tasks.o
 .bss.xTasksWaitingTermination
                0x000000002400010c       0x14 ./ThirdParty/FreeRTOS/tasks.o
 .bss.uxDeletedTasksWaitingCleanUp
                0x0000000024000120        0x4 ./ThirdParty/FreeRTOS/tasks.o
 .bss.xSuspendedTaskList
                0x0000000024000124       0x14 ./ThirdParty/FreeRTOS/tasks.o
 .bss.uxCurrentNumberOfTasks
                0x0000000024000138        0x4 ./ThirdParty/FreeRTOS/tasks.o
 .bss.xTickCount
                0x000000002400013c        0x4 ./ThirdParty/FreeRTOS/tasks.o
 .bss.uxTopReadyPriority
                0x0000000024000140        0x4 ./ThirdParty/FreeRTOS/tasks.o
 .bss.xSchedulerRunning
                0x0000000024000144        0x4 ./ThirdParty/FreeRTOS/tasks.o
 .bss.xPendedTicks
                0x0000000024000148        0x4 ./ThirdParty/FreeRTOS/tasks.o
 .bss.xYieldPending
                0x000000002400014c        0x4 ./ThirdParty/FreeRTOS/tasks.o
 .bss.xNumOfOverflows
                0x0000000024000150        0x4 ./ThirdParty/FreeRTOS/tasks.o
 .bss.uxTaskNumber
                0x0000000024000154        0x4 ./ThirdParty/FreeRTOS/tasks.o
 .bss.xNextTaskUnblockTime
                0x0000000024000158        0x4 ./ThirdParty/FreeRTOS/tasks.o
 .bss.xIdleTaskHandle
                0x000000002400015c        0x4 ./ThirdParty/FreeRTOS/tasks.o
 .bss.uxSchedulerSuspended
                0x0000000024000160        0x4 ./ThirdParty/FreeRTOS/tasks.o
 .bss.ucMaxSysCallPriority
                0x0000000024000164        0x1 ./ThirdParty/FreeRTOS/portable/GCC/ARM_CM7/r0p1/port.o
 *fill*         0x0000000024000165        0x3 
 .bss.ulMaxPRIGROUPValue
                0x0000000024000168        0x4 ./ThirdParty/FreeRTOS/portable/GCC/ARM_CM7/r0p1/port.o
 .bss.ucHeap    0x000000002400016c     0x5000 ./ThirdParty/FreeRTOS/portable/MemMang/heap_4.o
 .bss.xStart    0x000000002400516c        0x8 ./ThirdParty/FreeRTOS/portable/MemMang/heap_4.o
 .bss.pxEnd     0x0000000024005174        0x4 ./ThirdParty/FreeRTOS/portable/MemMang/heap_4.o
 .bss.xFreeBytesRemaining
                0x0000000024005178        0x4 ./ThirdParty/FreeRTOS/portable/MemMang/heap_4.o
 .bss.xMinimumEverFreeBytesRemaining
                0x000000002400517c        0x4 ./ThirdParty/FreeRTOS/portable/MemMang/heap_4.o
 .bss.xNumberOfSuccessfulAllocations
                0x0000000024005180        0x4 ./ThirdParty/FreeRTOS/portable/MemMang/heap_4.o
 .bss.xNumberOfSuccessfulFrees
                0x0000000024005184        0x4 ./ThirdParty/FreeRTOS/portable/MemMang/heap_4.o
 .bss.xBlockAllocatedBit
                0x0000000024005188        0x4 ./ThirdParty/FreeRTOS/portable/MemMang/heap_4.o
 .bss._aTasks   0x000000002400518c       0xa0 ./ThirdParty/SEGGER/OS/SEGGER_SYSVIEW_FreeRTOS.o
 .bss._NumTasks
                0x000000002400522c        0x4 ./ThirdParty/SEGGER/OS/SEGGER_SYSVIEW_FreeRTOS.o
 .bss._SEGGER_RTT
                0x0000000024005230       0xa8 ./ThirdParty/SEGGER/SEGGER/SEGGER_RTT.o
                0x0000000024005230                _SEGGER_RTT
 .bss._acUpBuffer
                0x00000000240052d8      0x400 ./ThirdParty/SEGGER/SEGGER/SEGGER_RTT.o
 .bss._acDownBuffer
                0x00000000240056d8       0x10 ./ThirdParty/SEGGER/SEGGER/SEGGER_RTT.o
 .bss._UpBuffer
                0x00000000240056e8      0xc00 ./ThirdParty/SEGGER/SEGGER/SEGGER_SYSVIEW.o
 .bss._DownBuffer
                0x00000000240062e8        0x8 ./ThirdParty/SEGGER/SEGGER/SEGGER_SYSVIEW.o
 .bss._SYSVIEW_Globals
                0x00000000240062f0       0x28 ./ThirdParty/SEGGER/SEGGER/SEGGER_SYSVIEW.o
 .bss._pFirstModule
                0x0000000024006318        0x4 ./ThirdParty/SEGGER/SEGGER/SEGGER_SYSVIEW.o
 .bss._NumModules
                0x000000002400631c        0x1 ./ThirdParty/SEGGER/SEGGER/SEGGER_SYSVIEW.o
 *fill*         0x000000002400631d        0x3 
 .bss._aPacket  0x0000000024006320       0xe3 ./ThirdParty/SEGGER/SEGGER/SEGGER_SYSVIEW.o
 *(COMMON)
                0x0000000024006404                . = ALIGN (0x4)
 *fill*         0x0000000024006403        0x1 
                0x0000000024006404                _ebss = .
                0x0000000024006404                __bss_end__ = _ebss

._user_heap_stack
                0x0000000024006404      0x604 load address 0x0000000008005854
                0x0000000024006408                . = ALIGN (0x8)
 *fill*         0x0000000024006404        0x4 
                [!provide]                        PROVIDE (end = .)
                0x0000000024006408                PROVIDE (_end = .)
                0x0000000024006608                . = (. + _Min_Heap_Size)
 *fill*         0x0000000024006408      0x200 
                0x0000000024006a08                . = (. + _Min_Stack_Size)
 *fill*         0x0000000024006608      0x400 
                0x0000000024006a08                . = ALIGN (0x8)

/DISCARD/
 libc.a(*)
 libm.a(*)
 libgcc.a(*)

.ARM.attributes
                0x0000000000000000       0x2e
 *(.ARM.attributes)
 .ARM.attributes
                0x0000000000000000       0x1e /opt/st/stm32cubeide_1.10.1/plugins/com.st.stm32cube.ide.mcu.externaltools.gnu-tools-for-stm32.10.3-2021.10.linux64_1.0.0.202111181127/tools/bin/../lib/gcc/arm-none-eabi/10.3.1/thumb/v7e-m+dp/hard/crti.o
 .ARM.attributes
                0x000000000000001e       0x32 /opt/st/stm32cubeide_1.10.1/plugins/com.st.stm32cube.ide.mcu.externaltools.gnu-tools-for-stm32.10.3-2021.10.linux64_1.0.0.202111181127/tools/bin/../lib/gcc/arm-none-eabi/10.3.1/thumb/v7e-m+dp/hard/crtbegin.o
 .ARM.attributes
                0x0000000000000050       0x32 ./Common/Src/system_stm32h7xx_dualcore_boot_cm4_cm7.o
 .ARM.attributes
                0x0000000000000082       0x32 ./Core/Src/main.o
 .ARM.attributes
                0x00000000000000b4       0x32 ./Core/Src/stm32h7xx_hal_msp.o
 .ARM.attributes
                0x00000000000000e6       0x32 ./Core/Src/stm32h7xx_it.o
 .ARM.attributes
                0x0000000000000118       0x21 ./Core/Startup/startup_stm32h745zitx.o
 .ARM.attributes
                0x0000000000000139       0x32 ./Drivers/STM32H7xx_HAL_Driver/stm32h7xx_hal.o
 .ARM.attributes
                0x000000000000016b       0x32 ./Drivers/STM32H7xx_HAL_Driver/stm32h7xx_hal_cortex.o
 .ARM.attributes
                0x000000000000019d       0x32 ./Drivers/STM32H7xx_HAL_Driver/stm32h7xx_hal_gpio.o
 .ARM.attributes
                0x00000000000001cf       0x32 ./Drivers/STM32H7xx_HAL_Driver/stm32h7xx_hal_hsem.o
 .ARM.attributes
                0x0000000000000201       0x32 ./Drivers/STM32H7xx_HAL_Driver/stm32h7xx_hal_pwr_ex.o
 .ARM.attributes
                0x0000000000000233       0x32 ./Drivers/STM32H7xx_HAL_Driver/stm32h7xx_hal_rcc.o
 .ARM.attributes
                0x0000000000000265       0x32 ./ThirdParty/FreeRTOS/list.o
 .ARM.attributes
                0x0000000000000297       0x32 ./ThirdParty/FreeRTOS/tasks.o
 .ARM.attributes
                0x00000000000002c9       0x32 ./ThirdParty/FreeRTOS/portable/GCC/ARM_CM7/r0p1/port.o
 .ARM.attributes
                0x00000000000002fb       0x32 ./ThirdParty/FreeRTOS/portable/MemMang/heap_4.o
 .ARM.attributes
                0x000000000000032d       0x32 ./ThirdParty/SEGGER/Config/SEGGER_SYSVIEW_Config_FreeRTOS.o
 .ARM.attributes
                0x000000000000035f       0x32 ./ThirdParty/SEGGER/OS/SEGGER_SYSVIEW_FreeRTOS.o
 .ARM.attributes
                0x0000000000000391       0x32 ./ThirdParty/SEGGER/SEGGER/SEGGER_RTT.o
 .ARM.attributes
                0x00000000000003c3       0x1e ./ThirdParty/SEGGER/SEGGER/SEGGER_RTT_ASM_ARMv7M.o
 .ARM.attributes
                0x00000000000003e1       0x32 ./ThirdParty/SEGGER/SEGGER/SEGGER_SYSVIEW.o
 .ARM.attributes
                0x0000000000000413       0x32 /opt/st/stm32cubeide_1.10.1/plugins/com.st.stm32cube.ide.mcu.externaltools.gnu-tools-for-stm32.10.3-2021.10.linux64_1.0.0.202111181127/tools/bin/../lib/gcc/arm-none-eabi/10.3.1/../../../../arm-none-eabi/lib/thumb/v7e-m+dp/hard/libc_nano.a(lib_a-init.o)
 .ARM.attributes
                0x0000000000000445       0x32 /opt/st/stm32cubeide_1.10.1/plugins/com.st.stm32cube.ide.mcu.externaltools.gnu-tools-for-stm32.10.3-2021.10.linux64_1.0.0.202111181127/tools/bin/../lib/gcc/arm-none-eabi/10.3.1/../../../../arm-none-eabi/lib/thumb/v7e-m+dp/hard/libc_nano.a(lib_a-memcmp.o)
 .ARM.attributes
                0x0000000000000477       0x32 /opt/st/stm32cubeide_1.10.1/plugins/com.st.stm32cube.ide.mcu.externaltools.gnu-tools-for-stm32.10.3-2021.10.linux64_1.0.0.202111181127/tools/bin/../lib/gcc/arm-none-eabi/10.3.1/../../../../arm-none-eabi/lib/thumb/v7e-m+dp/hard/libc_nano.a(lib_a-memcpy-stub.o)
 .ARM.attributes
                0x00000000000004a9       0x32 /opt/st/stm32cubeide_1.10.1/plugins/com.st.stm32cube.ide.mcu.externaltools.gnu-tools-for-stm32.10.3-2021.10.linux64_1.0.0.202111181127/tools/bin/../lib/gcc/arm-none-eabi/10.3.1/../../../../arm-none-eabi/lib/thumb/v7e-m+dp/hard/libc_nano.a(lib_a-memset.o)
 .ARM.attributes
                0x00000000000004db       0x1e /opt/st/stm32cubeide_1.10.1/plugins/com.st.stm32cube.ide.mcu.externaltools.gnu-tools-for-stm32.10.3-2021.10.linux64_1.0.0.202111181127/tools/bin/../lib/gcc/arm-none-eabi/10.3.1/thumb/v7e-m+dp/hard/crtn.o
OUTPUT(001-common_project_CM7.elf elf32-littlearm)
LOAD linker stubs
LOAD /opt/st/stm32cubeide_1.10.1/plugins/com.st.stm32cube.ide.mcu.externaltools.gnu-tools-for-stm32.10.3-2021.10.linux64_1.0.0.202111181127/tools/bin/../lib/gcc/arm-none-eabi/10.3.1/../../../../arm-none-eabi/lib/thumb/v7e-m+dp/hard/libc.a
LOAD /opt/st/stm32cubeide_1.10.1/plugins/com.st.stm32cube.ide.mcu.externaltools.gnu-tools-for-stm32.10.3-2021.10.linux64_1.0.0.202111181127/tools/bin/../lib/gcc/arm-none-eabi/10.3.1/../../../../arm-none-eabi/lib/thumb/v7e-m+dp/hard/libm.a
LOAD /opt/st/stm32cubeide_1.10.1/plugins/com.st.stm32cube.ide.mcu.externaltools.gnu-tools-for-stm32.10.3-2021.10.linux64_1.0.0.202111181127/tools/bin/../lib/gcc/arm-none-eabi/10.3.1/thumb/v7e-m+dp/hard/libgcc.a

.debug_info     0x0000000000000000    0x1055b
 .debug_info    0x0000000000000000      0xdca ./Common/Src/system_stm32h7xx_dualcore_boot_cm4_cm7.o
 .debug_info    0x0000000000000dca      0xf22 ./Core/Src/main.o
 .debug_info    0x0000000000001cec      0x4ac ./Core/Src/stm32h7xx_hal_msp.o
 .debug_info    0x0000000000002198       0xf8 ./Core/Src/stm32h7xx_it.o
 .debug_info    0x0000000000002290       0x22 ./Core/Startup/startup_stm32h745zitx.o
 .debug_info    0x00000000000022b2     0x1826 ./Drivers/STM32H7xx_HAL_Driver/stm32h7xx_hal.o
 .debug_info    0x0000000000003ad8     0x118b ./Drivers/STM32H7xx_HAL_Driver/stm32h7xx_hal_cortex.o
 .debug_info    0x0000000000004c63      0xde0 ./Drivers/STM32H7xx_HAL_Driver/stm32h7xx_hal_gpio.o
 .debug_info    0x0000000000005a43      0x3fd ./Drivers/STM32H7xx_HAL_Driver/stm32h7xx_hal_hsem.o
 .debug_info    0x0000000000005e40     0x12c2 ./Drivers/STM32H7xx_HAL_Driver/stm32h7xx_hal_pwr_ex.o
 .debug_info    0x0000000000007102      0xf48 ./Drivers/STM32H7xx_HAL_Driver/stm32h7xx_hal_rcc.o
 .debug_info    0x000000000000804a      0x2d1 ./ThirdParty/FreeRTOS/list.o
 .debug_info    0x000000000000831b     0x2376 ./ThirdParty/FreeRTOS/tasks.o
 .debug_info    0x000000000000a691      0x5ca ./ThirdParty/FreeRTOS/portable/GCC/ARM_CM7/r0p1/port.o
 .debug_info    0x000000000000ac5b      0x50b ./ThirdParty/FreeRTOS/portable/MemMang/heap_4.o
 .debug_info    0x000000000000b166      0x181 ./ThirdParty/SEGGER/Config/SEGGER_SYSVIEW_Config_FreeRTOS.o
 .debug_info    0x000000000000b2e7      0x43d ./ThirdParty/SEGGER/OS/SEGGER_SYSVIEW_FreeRTOS.o
 .debug_info    0x000000000000b724     0x15df ./ThirdParty/SEGGER/SEGGER/SEGGER_RTT.o
 .debug_info    0x000000000000cd03       0x26 ./ThirdParty/SEGGER/SEGGER/SEGGER_RTT_ASM_ARMv7M.o
 .debug_info    0x000000000000cd29     0x3832 ./ThirdParty/SEGGER/SEGGER/SEGGER_SYSVIEW.o

.debug_abbrev   0x0000000000000000     0x251c
 .debug_abbrev  0x0000000000000000      0x147 ./Common/Src/system_stm32h7xx_dualcore_boot_cm4_cm7.o
 .debug_abbrev  0x0000000000000147      0x326 ./Core/Src/main.o
 .debug_abbrev  0x000000000000046d       0xed ./Core/Src/stm32h7xx_hal_msp.o
 .debug_abbrev  0x000000000000055a       0x47 ./Core/Src/stm32h7xx_it.o
 .debug_abbrev  0x00000000000005a1       0x12 ./Core/Startup/startup_stm32h745zitx.o
 .debug_abbrev  0x00000000000005b3      0x289 ./Drivers/STM32H7xx_HAL_Driver/stm32h7xx_hal.o
 .debug_abbrev  0x000000000000083c      0x329 ./Drivers/STM32H7xx_HAL_Driver/stm32h7xx_hal_cortex.o
 .debug_abbrev  0x0000000000000b65      0x1ec ./Drivers/STM32H7xx_HAL_Driver/stm32h7xx_hal_gpio.o
 .debug_abbrev  0x0000000000000d51      0x1d0 ./Drivers/STM32H7xx_HAL_Driver/stm32h7xx_hal_hsem.o
 .debug_abbrev  0x0000000000000f21      0x2bc ./Drivers/STM32H7xx_HAL_Driver/stm32h7xx_hal_pwr_ex.o
 .debug_abbrev  0x00000000000011dd      0x2b8 ./Drivers/STM32H7xx_HAL_Driver/stm32h7xx_hal_rcc.o
 .debug_abbrev  0x0000000000001495       0xf2 ./ThirdParty/FreeRTOS/list.o
 .debug_abbrev  0x0000000000001587      0x379 ./ThirdParty/FreeRTOS/tasks.o
 .debug_abbrev  0x0000000000001900      0x259 ./ThirdParty/FreeRTOS/portable/GCC/ARM_CM7/r0p1/port.o
 .debug_abbrev  0x0000000000001b59      0x212 ./ThirdParty/FreeRTOS/portable/MemMang/heap_4.o
 .debug_abbrev  0x0000000000001d6b       0xdd ./ThirdParty/SEGGER/Config/SEGGER_SYSVIEW_Config_FreeRTOS.o
 .debug_abbrev  0x0000000000001e48      0x19e ./ThirdParty/SEGGER/OS/SEGGER_SYSVIEW_FreeRTOS.o
 .debug_abbrev  0x0000000000001fe6      0x216 ./ThirdParty/SEGGER/SEGGER/SEGGER_RTT.o
 .debug_abbrev  0x00000000000021fc       0x14 ./ThirdParty/SEGGER/SEGGER/SEGGER_RTT_ASM_ARMv7M.o
 .debug_abbrev  0x0000000000002210      0x30c ./ThirdParty/SEGGER/SEGGER/SEGGER_SYSVIEW.o

.debug_aranges  0x0000000000000000      0xe48
 .debug_aranges
                0x0000000000000000       0x28 ./Common/Src/system_stm32h7xx_dualcore_boot_cm4_cm7.o
 .debug_aranges
                0x0000000000000028       0x48 ./Core/Src/main.o
 .debug_aranges
                0x0000000000000070       0x20 ./Core/Src/stm32h7xx_hal_msp.o
 .debug_aranges
                0x0000000000000090       0x48 ./Core/Src/stm32h7xx_it.o
 .debug_aranges
                0x00000000000000d8       0x28 ./Core/Startup/startup_stm32h745zitx.o
 .debug_aranges
                0x0000000000000100      0x200 ./Drivers/STM32H7xx_HAL_Driver/stm32h7xx_hal.o
 .debug_aranges
                0x0000000000000300      0x120 ./Drivers/STM32H7xx_HAL_Driver/stm32h7xx_hal_cortex.o
 .debug_aranges
                0x0000000000000420       0x58 ./Drivers/STM32H7xx_HAL_Driver/stm32h7xx_hal_gpio.o
 .debug_aranges
                0x0000000000000478       0x70 ./Drivers/STM32H7xx_HAL_Driver/stm32h7xx_hal_hsem.o
 .debug_aranges
                0x00000000000004e8      0x170 ./Drivers/STM32H7xx_HAL_Driver/stm32h7xx_hal_pwr_ex.o
 .debug_aranges
                0x0000000000000658       0x88 ./Drivers/STM32H7xx_HAL_Driver/stm32h7xx_hal_rcc.o
 .debug_aranges
                0x00000000000006e0       0x40 ./ThirdParty/FreeRTOS/list.o
 .debug_aranges
                0x0000000000000720      0x200 ./ThirdParty/FreeRTOS/tasks.o
 .debug_aranges
                0x0000000000000920       0x88 ./ThirdParty/FreeRTOS/portable/GCC/ARM_CM7/r0p1/port.o
 .debug_aranges
                0x00000000000009a8       0x58 ./ThirdParty/FreeRTOS/portable/MemMang/heap_4.o
 .debug_aranges
                0x0000000000000a00       0x28 ./ThirdParty/SEGGER/Config/SEGGER_SYSVIEW_Config_FreeRTOS.o
 .debug_aranges
                0x0000000000000a28       0x48 ./ThirdParty/SEGGER/OS/SEGGER_SYSVIEW_FreeRTOS.o
 .debug_aranges
                0x0000000000000a70      0x138 ./ThirdParty/SEGGER/SEGGER/SEGGER_RTT.o
 .debug_aranges
                0x0000000000000ba8       0x20 ./ThirdParty/SEGGER/SEGGER/SEGGER_RTT_ASM_ARMv7M.o
 .debug_aranges
                0x0000000000000bc8      0x280 ./ThirdParty/SEGGER/SEGGER/SEGGER_SYSVIEW.o

.debug_ranges   0x0000000000000000      0xd00
 .debug_ranges  0x0000000000000000       0x18 ./Common/Src/system_stm32h7xx_dualcore_boot_cm4_cm7.o
 .debug_ranges  0x0000000000000018       0x38 ./Core/Src/main.o
 .debug_ranges  0x0000000000000050       0x10 ./Core/Src/stm32h7xx_hal_msp.o
 .debug_ranges  0x0000000000000060       0x38 ./Core/Src/stm32h7xx_it.o
 .debug_ranges  0x0000000000000098       0x20 ./Core/Startup/startup_stm32h745zitx.o
 .debug_ranges  0x00000000000000b8      0x1f0 ./Drivers/STM32H7xx_HAL_Driver/stm32h7xx_hal.o
 .debug_ranges  0x00000000000002a8      0x110 ./Drivers/STM32H7xx_HAL_Driver/stm32h7xx_hal_cortex.o
 .debug_ranges  0x00000000000003b8       0x48 ./Drivers/STM32H7xx_HAL_Driver/stm32h7xx_hal_gpio.o
 .debug_ranges  0x0000000000000400       0x60 ./Drivers/STM32H7xx_HAL_Driver/stm32h7xx_hal_hsem.o
 .debug_ranges  0x0000000000000460      0x160 ./Drivers/STM32H7xx_HAL_Driver/stm32h7xx_hal_pwr_ex.o
 .debug_ranges  0x00000000000005c0       0x78 ./Drivers/STM32H7xx_HAL_Driver/stm32h7xx_hal_rcc.o
 .debug_ranges  0x0000000000000638       0x30 ./ThirdParty/FreeRTOS/list.o
 .debug_ranges  0x0000000000000668      0x1f0 ./ThirdParty/FreeRTOS/tasks.o
 .debug_ranges  0x0000000000000858       0x78 ./ThirdParty/FreeRTOS/portable/GCC/ARM_CM7/r0p1/port.o
 .debug_ranges  0x00000000000008d0       0x48 ./ThirdParty/FreeRTOS/portable/MemMang/heap_4.o
 .debug_ranges  0x0000000000000918       0x18 ./ThirdParty/SEGGER/Config/SEGGER_SYSVIEW_Config_FreeRTOS.o
 .debug_ranges  0x0000000000000930       0x38 ./ThirdParty/SEGGER/OS/SEGGER_SYSVIEW_FreeRTOS.o
 .debug_ranges  0x0000000000000968      0x128 ./ThirdParty/SEGGER/SEGGER/SEGGER_RTT.o
 .debug_ranges  0x0000000000000a90      0x270 ./ThirdParty/SEGGER/SEGGER/SEGGER_SYSVIEW.o

.debug_macro    0x0000000000000000    0x3a231
 .debug_macro   0x0000000000000000      0x280 ./Common/Src/system_stm32h7xx_dualcore_boot_cm4_cm7.o
 .debug_macro   0x0000000000000280      0xa96 ./Common/Src/system_stm32h7xx_dualcore_boot_cm4_cm7.o
 .debug_macro   0x0000000000000d16       0x2e ./Common/Src/system_stm32h7xx_dualcore_boot_cm4_cm7.o
 .debug_macro   0x0000000000000d44       0x49 ./Common/Src/system_stm32h7xx_dualcore_boot_cm4_cm7.o
 .debug_macro   0x0000000000000d8d       0x22 ./Common/Src/system_stm32h7xx_dualcore_boot_cm4_cm7.o
 .debug_macro   0x0000000000000daf       0x8e ./Common/Src/system_stm32h7xx_dualcore_boot_cm4_cm7.o
 .debug_macro   0x0000000000000e3d       0x51 ./Common/Src/system_stm32h7xx_dualcore_boot_cm4_cm7.o
 .debug_macro   0x0000000000000e8e      0x103 ./Common/Src/system_stm32h7xx_dualcore_boot_cm4_cm7.o
 .debug_macro   0x0000000000000f91       0x6a ./Common/Src/system_stm32h7xx_dualcore_boot_cm4_cm7.o
 .debug_macro   0x0000000000000ffb      0x1df ./Common/Src/system_stm32h7xx_dualcore_boot_cm4_cm7.o
 .debug_macro   0x00000000000011da       0x1c ./Common/Src/system_stm32h7xx_dualcore_boot_cm4_cm7.o
 .debug_macro   0x00000000000011f6       0x22 ./Common/Src/system_stm32h7xx_dualcore_boot_cm4_cm7.o
 .debug_macro   0x0000000000001218       0xfb ./Common/Src/system_stm32h7xx_dualcore_boot_cm4_cm7.o
 .debug_macro   0x0000000000001313     0x1305 ./Common/Src/system_stm32h7xx_dualcore_boot_cm4_cm7.o
 .debug_macro   0x0000000000002618      0x11f ./Common/Src/system_stm32h7xx_dualcore_boot_cm4_cm7.o
 .debug_macro   0x0000000000002737       0x27 ./Common/Src/system_stm32h7xx_dualcore_boot_cm4_cm7.o
 .debug_macro   0x000000000000275e    0x26d42 ./Common/Src/system_stm32h7xx_dualcore_boot_cm4_cm7.o
 .debug_macro   0x00000000000294a0       0x6d ./Common/Src/system_stm32h7xx_dualcore_boot_cm4_cm7.o
 .debug_macro   0x000000000002950d      0x22c ./Common/Src/system_stm32h7xx_dualcore_boot_cm4_cm7.o
 .debug_macro   0x0000000000029739     0x3d22 ./Common/Src/system_stm32h7xx_dualcore_boot_cm4_cm7.o
 .debug_macro   0x000000000002d45b      0x174 ./Common/Src/system_stm32h7xx_dualcore_boot_cm4_cm7.o
 .debug_macro   0x000000000002d5cf       0x52 ./Common/Src/system_stm32h7xx_dualcore_boot_cm4_cm7.o
 .debug_macro   0x000000000002d621       0x1d ./Common/Src/system_stm32h7xx_dualcore_boot_cm4_cm7.o
 .debug_macro   0x000000000002d63e       0x3c ./Common/Src/system_stm32h7xx_dualcore_boot_cm4_cm7.o
 .debug_macro   0x000000000002d67a       0x34 ./Common/Src/system_stm32h7xx_dualcore_boot_cm4_cm7.o
 .debug_macro   0x000000000002d6ae       0x16 ./Common/Src/system_stm32h7xx_dualcore_boot_cm4_cm7.o
 .debug_macro   0x000000000002d6c4       0x43 ./Common/Src/system_stm32h7xx_dualcore_boot_cm4_cm7.o
 .debug_macro   0x000000000002d707       0x34 ./Common/Src/system_stm32h7xx_dualcore_boot_cm4_cm7.o
 .debug_macro   0x000000000002d73b       0x10 ./Common/Src/system_stm32h7xx_dualcore_boot_cm4_cm7.o
 .debug_macro   0x000000000002d74b       0x58 ./Common/Src/system_stm32h7xx_dualcore_boot_cm4_cm7.o
 .debug_macro   0x000000000002d7a3       0x71 ./Common/Src/system_stm32h7xx_dualcore_boot_cm4_cm7.o
 .debug_macro   0x000000000002d814       0x1c ./Common/Src/system_stm32h7xx_dualcore_boot_cm4_cm7.o
 .debug_macro   0x000000000002d830      0x12a ./Common/Src/system_stm32h7xx_dualcore_boot_cm4_cm7.o
 .debug_macro   0x000000000002d95a      0x341 ./Common/Src/system_stm32h7xx_dualcore_boot_cm4_cm7.o
 .debug_macro   0x000000000002dc9b      0x19b ./Common/Src/system_stm32h7xx_dualcore_boot_cm4_cm7.o
 .debug_macro   0x000000000002de36       0x5d ./Common/Src/system_stm32h7xx_dualcore_boot_cm4_cm7.o
 .debug_macro   0x000000000002de93     0x3a9d ./Common/Src/system_stm32h7xx_dualcore_boot_cm4_cm7.o
 .debug_macro   0x0000000000031930     0x1048 ./Common/Src/system_stm32h7xx_dualcore_boot_cm4_cm7.o
 .debug_macro   0x0000000000032978      0x14d ./Common/Src/system_stm32h7xx_dualcore_boot_cm4_cm7.o
 .debug_macro   0x0000000000032ac5      0x130 ./Common/Src/system_stm32h7xx_dualcore_boot_cm4_cm7.o
 .debug_macro   0x0000000000032bf5      0x3be ./Common/Src/system_stm32h7xx_dualcore_boot_cm4_cm7.o
 .debug_macro   0x0000000000032fb3       0xac ./Common/Src/system_stm32h7xx_dualcore_boot_cm4_cm7.o
 .debug_macro   0x000000000003305f      0x72d ./Common/Src/system_stm32h7xx_dualcore_boot_cm4_cm7.o
 .debug_macro   0x000000000003378c      0x228 ./Common/Src/system_stm32h7xx_dualcore_boot_cm4_cm7.o
 .debug_macro   0x00000000000339b4       0x66 ./Common/Src/system_stm32h7xx_dualcore_boot_cm4_cm7.o
 .debug_macro   0x0000000000033a1a      0x3bb ./Common/Src/system_stm32h7xx_dualcore_boot_cm4_cm7.o
 .debug_macro   0x0000000000033dd5      0x407 ./Common/Src/system_stm32h7xx_dualcore_boot_cm4_cm7.o
 .debug_macro   0x00000000000341dc      0x27c ./Common/Src/system_stm32h7xx_dualcore_boot_cm4_cm7.o
 .debug_macro   0x0000000000034458      0x3ca ./Common/Src/system_stm32h7xx_dualcore_boot_cm4_cm7.o
 .debug_macro   0x0000000000034822      0x4a2 ./Common/Src/system_stm32h7xx_dualcore_boot_cm4_cm7.o
 .debug_macro   0x0000000000034cc4       0x51 ./Common/Src/system_stm32h7xx_dualcore_boot_cm4_cm7.o
 .debug_macro   0x0000000000034d15       0x4a ./Common/Src/system_stm32h7xx_dualcore_boot_cm4_cm7.o
 .debug_macro   0x0000000000034d5f      0x22c ./Common/Src/system_stm32h7xx_dualcore_boot_cm4_cm7.o
 .debug_macro   0x0000000000034f8b       0x67 ./Common/Src/system_stm32h7xx_dualcore_boot_cm4_cm7.o
 .debug_macro   0x0000000000034ff2       0xa5 ./Common/Src/system_stm32h7xx_dualcore_boot_cm4_cm7.o
 .debug_macro   0x0000000000035097      0x218 ./Common/Src/system_stm32h7xx_dualcore_boot_cm4_cm7.o
 .debug_macro   0x00000000000352af      0x2ea ./Common/Src/system_stm32h7xx_dualcore_boot_cm4_cm7.o
 .debug_macro   0x0000000000035599       0x35 ./Common/Src/system_stm32h7xx_dualcore_boot_cm4_cm7.o
 .debug_macro   0x00000000000355ce      0x798 ./Common/Src/system_stm32h7xx_dualcore_boot_cm4_cm7.o
 .debug_macro   0x0000000000035d66      0x42a ./Core/Src/main.o
 .debug_macro   0x0000000000036190       0x28 ./Core/Src/main.o
 .debug_macro   0x00000000000361b8       0x1c ./Core/Src/main.o
 .debug_macro   0x00000000000361d4       0x35 ./Core/Src/main.o
 .debug_macro   0x0000000000036209       0x10 ./Core/Src/main.o
 .debug_macro   0x0000000000036219       0x10 ./Core/Src/main.o
 .debug_macro   0x0000000000036229       0x1c ./Core/Src/main.o
 .debug_macro   0x0000000000036245       0x52 ./Core/Src/main.o
 .debug_macro   0x0000000000036297       0x22 ./Core/Src/main.o
 .debug_macro   0x00000000000362b9       0x10 ./Core/Src/main.o
 .debug_macro   0x00000000000362c9       0x52 ./Core/Src/main.o
 .debug_macro   0x000000000003631b       0xd5 ./Core/Src/main.o
 .debug_macro   0x00000000000363f0       0x1c ./Core/Src/main.o
 .debug_macro   0x000000000003640c       0x3d ./Core/Src/main.o
 .debug_macro   0x0000000000036449       0x16 ./Core/Src/main.o
 .debug_macro   0x000000000003645f      0x145 ./Core/Src/main.o
 .debug_macro   0x00000000000365a4       0xfa ./Core/Src/main.o
 .debug_macro   0x000000000003669e       0x4c ./Core/Src/main.o
 .debug_macro   0x00000000000366ea       0x46 ./Core/Src/main.o
 .debug_macro   0x0000000000036730       0x64 ./Core/Src/main.o
 .debug_macro   0x0000000000036794       0x49 ./Core/Src/main.o
 .debug_macro   0x00000000000367dd       0xd1 ./Core/Src/main.o
 .debug_macro   0x00000000000368ae      0x204 ./Core/Src/main.o
 .debug_macro   0x0000000000036ab2      0x458 ./Core/Src/main.o
 .debug_macro   0x0000000000036f0a       0x45 ./Core/Src/main.o
 .debug_macro   0x0000000000036f4f      0x15a ./Core/Src/main.o
 .debug_macro   0x00000000000370a9       0xea ./Core/Src/main.o
 .debug_macro   0x0000000000037193       0x1c ./Core/Src/main.o
 .debug_macro   0x00000000000371af       0x26 ./Core/Src/main.o
 .debug_macro   0x00000000000371d5      0x3a6 ./Core/Src/main.o
 .debug_macro   0x000000000003757b       0xb5 ./Core/Src/main.o
 .debug_macro   0x0000000000037630      0x120 ./Core/Src/main.o
 .debug_macro   0x0000000000037750      0x345 ./Core/Src/stm32h7xx_hal_msp.o
 .debug_macro   0x0000000000037a95       0x58 ./Core/Src/stm32h7xx_hal_msp.o
 .debug_macro   0x0000000000037aed      0x299 ./Core/Src/stm32h7xx_it.o
 .debug_macro   0x0000000000037d86      0x2aa ./Drivers/STM32H7xx_HAL_Driver/stm32h7xx_hal.o
 .debug_macro   0x0000000000038030      0x280 ./Drivers/STM32H7xx_HAL_Driver/stm32h7xx_hal_cortex.o
 .debug_macro   0x00000000000382b0      0x294 ./Drivers/STM32H7xx_HAL_Driver/stm32h7xx_hal_gpio.o
 .debug_macro   0x0000000000038544      0x292 ./Drivers/STM32H7xx_HAL_Driver/stm32h7xx_hal_hsem.o
 .debug_macro   0x00000000000387d6      0x2b9 ./Drivers/STM32H7xx_HAL_Driver/stm32h7xx_hal_pwr_ex.o
 .debug_macro   0x0000000000038a8f      0x2a4 ./Drivers/STM32H7xx_HAL_Driver/stm32h7xx_hal_rcc.o
 .debug_macro   0x0000000000038d33      0x1f9 ./ThirdParty/FreeRTOS/list.o
 .debug_macro   0x0000000000038f2c      0x2df ./ThirdParty/FreeRTOS/tasks.o
 .debug_macro   0x000000000003920b       0x10 ./ThirdParty/FreeRTOS/tasks.o
 .debug_macro   0x000000000003921b      0x1fc ./ThirdParty/FreeRTOS/portable/GCC/ARM_CM7/r0p1/port.o
 .debug_macro   0x0000000000039417      0x214 ./ThirdParty/FreeRTOS/portable/MemMang/heap_4.o
 .debug_macro   0x000000000003962b      0x13c ./ThirdParty/SEGGER/Config/SEGGER_SYSVIEW_Config_FreeRTOS.o
 .debug_macro   0x0000000000039767      0x208 ./ThirdParty/SEGGER/OS/SEGGER_SYSVIEW_FreeRTOS.o
 .debug_macro   0x000000000003996f      0x1bd ./ThirdParty/SEGGER/SEGGER/SEGGER_RTT.o
 .debug_macro   0x0000000000039b2c       0x35 ./ThirdParty/SEGGER/SEGGER/SEGGER_RTT.o
 .debug_macro   0x0000000000039b61      0x138 ./ThirdParty/SEGGER/SEGGER/SEGGER_RTT.o
 .debug_macro   0x0000000000039c99      0x22b ./ThirdParty/SEGGER/SEGGER/SEGGER_SYSVIEW.o
 .debug_macro   0x0000000000039ec4      0x204 ./ThirdParty/SEGGER/SEGGER/SEGGER_SYSVIEW.o
 .debug_macro   0x000000000003a0c8      0x169 ./ThirdParty/SEGGER/SEGGER/SEGGER_SYSVIEW.o

.debug_line     0x0000000000000000    0x10491
 .debug_line    0x0000000000000000      0x9e4 ./Common/Src/system_stm32h7xx_dualcore_boot_cm4_cm7.o
 .debug_line    0x00000000000009e4      0xe30 ./Core/Src/main.o
 .debug_line    0x0000000000001814      0xb94 ./Core/Src/stm32h7xx_hal_msp.o
 .debug_line    0x00000000000023a8      0x84b ./Core/Src/stm32h7xx_it.o
 .debug_line    0x0000000000002bf3       0x88 ./Core/Startup/startup_stm32h745zitx.o
 .debug_line    0x0000000000002c7b      0xf23 ./Drivers/STM32H7xx_HAL_Driver/stm32h7xx_hal.o
 .debug_line    0x0000000000003b9e      0xdd6 ./Drivers/STM32H7xx_HAL_Driver/stm32h7xx_hal_cortex.o
 .debug_line    0x0000000000004974      0xc87 ./Drivers/STM32H7xx_HAL_Driver/stm32h7xx_hal_gpio.o
 .debug_line    0x00000000000055fb      0x986 ./Drivers/STM32H7xx_HAL_Driver/stm32h7xx_hal_hsem.o
 .debug_line    0x0000000000005f81      0xff1 ./Drivers/STM32H7xx_HAL_Driver/stm32h7xx_hal_pwr_ex.o
 .debug_line    0x0000000000006f72     0x1332 ./Drivers/STM32H7xx_HAL_Driver/stm32h7xx_hal_rcc.o
 .debug_line    0x00000000000082a4      0x993 ./ThirdParty/FreeRTOS/list.o
 .debug_line    0x0000000000008c37     0x1fca ./ThirdParty/FreeRTOS/tasks.o
 .debug_line    0x000000000000ac01      0xb3b ./ThirdParty/FreeRTOS/portable/GCC/ARM_CM7/r0p1/port.o
 .debug_line    0x000000000000b73c      0xbe7 ./ThirdParty/FreeRTOS/portable/MemMang/heap_4.o
 .debug_line    0x000000000000c323      0x779 ./ThirdParty/SEGGER/Config/SEGGER_SYSVIEW_Config_FreeRTOS.o
 .debug_line    0x000000000000ca9c      0xa7d ./ThirdParty/SEGGER/OS/SEGGER_SYSVIEW_FreeRTOS.o
 .debug_line    0x000000000000d519      0xe51 ./ThirdParty/SEGGER/SEGGER/SEGGER_RTT.o
 .debug_line    0x000000000000e36a       0xa0 ./ThirdParty/SEGGER/SEGGER/SEGGER_RTT_ASM_ARMv7M.o
 .debug_line    0x000000000000e40a     0x2087 ./ThirdParty/SEGGER/SEGGER/SEGGER_SYSVIEW.o

.debug_str      0x0000000000000000   0x17db35
 .debug_str     0x0000000000000000   0x16ca52 ./Common/Src/system_stm32h7xx_dualcore_boot_cm4_cm7.o
                                     0x16ced3 (size before relaxing)
 .debug_str     0x000000000016ca52     0xa0b2 ./Core/Src/main.o
                                     0x176be1 (size before relaxing)
 .debug_str     0x0000000000176b04       0x40 ./Core/Src/stm32h7xx_hal_msp.o
                                     0x173d15 (size before relaxing)
 .debug_str     0x0000000000176b44       0x92 ./Core/Src/stm32h7xx_it.o
                                     0x16c969 (size before relaxing)
 .debug_str     0x0000000000176bd6       0x36 ./Core/Startup/startup_stm32h745zitx.o
                                         0x93 (size before relaxing)
 .debug_str     0x0000000000176c0c     0x11e2 ./Drivers/STM32H7xx_HAL_Driver/stm32h7xx_hal.o
                                     0x16df77 (size before relaxing)
 .debug_str     0x0000000000177dee      0x399 ./Drivers/STM32H7xx_HAL_Driver/stm32h7xx_hal_cortex.o
                                     0x16d7a6 (size before relaxing)
 .debug_str     0x0000000000178187      0x16e ./Drivers/STM32H7xx_HAL_Driver/stm32h7xx_hal_gpio.o
                                     0x16ce78 (size before relaxing)
 .debug_str     0x00000000001782f5      0x236 ./Drivers/STM32H7xx_HAL_Driver/stm32h7xx_hal_hsem.o
                                     0x16cb03 (size before relaxing)
 .debug_str     0x000000000017852b      0x6d6 ./Drivers/STM32H7xx_HAL_Driver/stm32h7xx_hal_pwr_ex.o
                                     0x16d383 (size before relaxing)
 .debug_str     0x0000000000178c01      0x27e ./Drivers/STM32H7xx_HAL_Driver/stm32h7xx_hal_rcc.o
                                     0x16d1f9 (size before relaxing)
 .debug_str     0x0000000000178e7f      0x265 ./ThirdParty/FreeRTOS/list.o
                                       0xe927 (size before relaxing)
 .debug_str     0x00000000001790e4     0x1ec7 ./ThirdParty/FreeRTOS/tasks.o
                                      0x11b4b (size before relaxing)
 .debug_str     0x000000000017afab      0x7ce ./ThirdParty/FreeRTOS/portable/GCC/ARM_CM7/r0p1/port.o
                                       0xd48e (size before relaxing)
 .debug_str     0x000000000017b779      0x319 ./ThirdParty/FreeRTOS/portable/MemMang/heap_4.o
                                       0xfdf0 (size before relaxing)
 .debug_str     0x000000000017ba92      0x1c0 ./ThirdParty/SEGGER/Config/SEGGER_SYSVIEW_Config_FreeRTOS.o
                                       0xb312 (size before relaxing)
 .debug_str     0x000000000017bc52       0xf6 ./ThirdParty/SEGGER/OS/SEGGER_SYSVIEW_FreeRTOS.o
                                       0xfb68 (size before relaxing)
 .debug_str     0x000000000017bd48     0x106b ./ThirdParty/SEGGER/SEGGER/SEGGER_RTT.o
                                       0x7814 (size before relaxing)
 .debug_str     0x000000000017cdb3       0x34 ./ThirdParty/SEGGER/SEGGER/SEGGER_RTT_ASM_ARMv7M.o
                                         0x9f (size before relaxing)
 .debug_str     0x000000000017cde7      0xd4e ./ThirdParty/SEGGER/SEGGER/SEGGER_SYSVIEW.o
                                       0x9875 (size before relaxing)

.comment        0x0000000000000000       0x50
 .comment       0x0000000000000000       0x50 ./Common/Src/system_stm32h7xx_dualcore_boot_cm4_cm7.o
                                         0x51 (size before relaxing)
 .comment       0x0000000000000050       0x51 ./Core/Src/main.o
 .comment       0x0000000000000050       0x51 ./Core/Src/stm32h7xx_hal_msp.o
 .comment       0x0000000000000050       0x51 ./Core/Src/stm32h7xx_it.o
 .comment       0x0000000000000050       0x51 ./Drivers/STM32H7xx_HAL_Driver/stm32h7xx_hal.o
 .comment       0x0000000000000050       0x51 ./Drivers/STM32H7xx_HAL_Driver/stm32h7xx_hal_cortex.o
 .comment       0x0000000000000050       0x51 ./Drivers/STM32H7xx_HAL_Driver/stm32h7xx_hal_gpio.o
 .comment       0x0000000000000050       0x51 ./Drivers/STM32H7xx_HAL_Driver/stm32h7xx_hal_hsem.o
 .comment       0x0000000000000050       0x51 ./Drivers/STM32H7xx_HAL_Driver/stm32h7xx_hal_pwr_ex.o
 .comment       0x0000000000000050       0x51 ./Drivers/STM32H7xx_HAL_Driver/stm32h7xx_hal_rcc.o
 .comment       0x0000000000000050       0x51 ./ThirdParty/FreeRTOS/list.o
 .comment       0x0000000000000050       0x51 ./ThirdParty/FreeRTOS/tasks.o
 .comment       0x0000000000000050       0x51 ./ThirdParty/FreeRTOS/portable/GCC/ARM_CM7/r0p1/port.o
 .comment       0x0000000000000050       0x51 ./ThirdParty/FreeRTOS/portable/MemMang/heap_4.o
 .comment       0x0000000000000050       0x51 ./ThirdParty/SEGGER/Config/SEGGER_SYSVIEW_Config_FreeRTOS.o
 .comment       0x0000000000000050       0x51 ./ThirdParty/SEGGER/OS/SEGGER_SYSVIEW_FreeRTOS.o
 .comment       0x0000000000000050       0x51 ./ThirdParty/SEGGER/SEGGER/SEGGER_RTT.o
 .comment       0x0000000000000050       0x51 ./ThirdParty/SEGGER/SEGGER/SEGGER_SYSVIEW.o

.debug_frame    0x0000000000000000     0x3978
 .debug_frame   0x0000000000000000       0x58 ./Common/Src/system_stm32h7xx_dualcore_boot_cm4_cm7.o
 .debug_frame   0x0000000000000058       0xd0 ./Core/Src/main.o
 .debug_frame   0x0000000000000128       0x34 ./Core/Src/stm32h7xx_hal_msp.o
 .debug_frame   0x000000000000015c       0xa8 ./Core/Src/stm32h7xx_it.o
 .debug_frame   0x0000000000000204      0x848 ./Drivers/STM32H7xx_HAL_Driver/stm32h7xx_hal.o
 .debug_frame   0x0000000000000a4c      0x4b8 ./Drivers/STM32H7xx_HAL_Driver/stm32h7xx_hal_cortex.o
 .debug_frame   0x0000000000000f04      0x14c ./Drivers/STM32H7xx_HAL_Driver/stm32h7xx_hal_gpio.o
 .debug_frame   0x0000000000001050      0x1bc ./Drivers/STM32H7xx_HAL_Driver/stm32h7xx_hal_hsem.o
 .debug_frame   0x000000000000120c      0x5ec ./Drivers/STM32H7xx_HAL_Driver/stm32h7xx_hal_pwr_ex.o
 .debug_frame   0x00000000000017f8      0x1f8 ./Drivers/STM32H7xx_HAL_Driver/stm32h7xx_hal_rcc.o
 .debug_frame   0x00000000000019f0       0xd8 ./ThirdParty/FreeRTOS/list.o
 .debug_frame   0x0000000000001ac8      0x8d8 ./ThirdParty/FreeRTOS/tasks.o
 .debug_frame   0x00000000000023a0      0x1d0 ./ThirdParty/FreeRTOS/portable/GCC/ARM_CM7/r0p1/port.o
 .debug_frame   0x0000000000002570      0x12c ./ThirdParty/FreeRTOS/portable/MemMang/heap_4.o
 .debug_frame   0x000000000000269c       0x48 ./ThirdParty/SEGGER/Config/SEGGER_SYSVIEW_Config_FreeRTOS.o
 .debug_frame   0x00000000000026e4      0x104 ./ThirdParty/SEGGER/OS/SEGGER_SYSVIEW_FreeRTOS.o
 .debug_frame   0x00000000000027e8      0x52c ./ThirdParty/SEGGER/SEGGER/SEGGER_RTT.o
 .debug_frame   0x0000000000002d14      0xbc8 ./ThirdParty/SEGGER/SEGGER/SEGGER_SYSVIEW.o
 .debug_frame   0x00000000000038dc       0x2c /opt/st/stm32cubeide_1.10.1/plugins/com.st.stm32cube.ide.mcu.externaltools.gnu-tools-for-stm32.10.3-2021.10.linux64_1.0.0.202111181127/tools/bin/../lib/gcc/arm-none-eabi/10.3.1/../../../../arm-none-eabi/lib/thumb/v7e-m+dp/hard/libc_nano.a(lib_a-init.o)
 .debug_frame   0x0000000000003908       0x28 /opt/st/stm32cubeide_1.10.1/plugins/com.st.stm32cube.ide.mcu.externaltools.gnu-tools-for-stm32.10.3-2021.10.linux64_1.0.0.202111181127/tools/bin/../lib/gcc/arm-none-eabi/10.3.1/../../../../arm-none-eabi/lib/thumb/v7e-m+dp/hard/libc_nano.a(lib_a-memcmp.o)
 .debug_frame   0x0000000000003930       0x28 /opt/st/stm32cubeide_1.10.1/plugins/com.st.stm32cube.ide.mcu.externaltools.gnu-tools-for-stm32.10.3-2021.10.linux64_1.0.0.202111181127/tools/bin/../lib/gcc/arm-none-eabi/10.3.1/../../../../arm-none-eabi/lib/thumb/v7e-m+dp/hard/libc_nano.a(lib_a-memcpy-stub.o)
 .debug_frame   0x0000000000003958       0x20 /opt/st/stm32cubeide_1.10.1/plugins/com.st.stm32cube.ide.mcu.externaltools.gnu-tools-for-stm32.10.3-2021.10.linux64_1.0.0.202111181127/tools/bin/../lib/gcc/arm-none-eabi/10.3.1/../../../../arm-none-eabi/lib/thumb/v7e-m+dp/hard/libc_nano.a(lib_a-memset.o)
